Archive member included to satisfy reference by file (symbol)

C:/ST/STM32CubeIDE_1.12.1/STM32CubeIDE/plugins/com.st.stm32cube.ide.mcu.externaltools.gnu-tools-for-stm32.11.3.rel1.win32_1.1.0.202305231506/tools/bin/../lib/gcc/arm-none-eabi/11.3.1/../../../../arm-none-eabi/lib/thumb/v7e-m+fp/hard\libc_nano.a(libc_a-exit.o)
                              C:/ST/STM32CubeIDE_1.12.1/STM32CubeIDE/plugins/com.st.stm32cube.ide.mcu.externaltools.gnu-tools-for-stm32.11.3.rel1.win32_1.1.0.202305231506/tools/bin/../lib/gcc/arm-none-eabi/11.3.1/../../../../arm-none-eabi/lib/thumb/v7e-m+fp/hard/crt0.o (exit)
C:/ST/STM32CubeIDE_1.12.1/STM32CubeIDE/plugins/com.st.stm32cube.ide.mcu.externaltools.gnu-tools-for-stm32.11.3.rel1.win32_1.1.0.202305231506/tools/bin/../lib/gcc/arm-none-eabi/11.3.1/../../../../arm-none-eabi/lib/thumb/v7e-m+fp/hard\libc_nano.a(libc_a-findfp.o)
                              C:/ST/STM32CubeIDE_1.12.1/STM32CubeIDE/plugins/com.st.stm32cube.ide.mcu.externaltools.gnu-tools-for-stm32.11.3.rel1.win32_1.1.0.202305231506/tools/bin/../lib/gcc/arm-none-eabi/11.3.1/../../../../arm-none-eabi/lib/thumb/v7e-m+fp/hard\libc_nano.a(libc_a-exit.o) (__stdio_exit_handler)
C:/ST/STM32CubeIDE_1.12.1/STM32CubeIDE/plugins/com.st.stm32cube.ide.mcu.externaltools.gnu-tools-for-stm32.11.3.rel1.win32_1.1.0.202305231506/tools/bin/../lib/gcc/arm-none-eabi/11.3.1/../../../../arm-none-eabi/lib/thumb/v7e-m+fp/hard\libc_nano.a(libc_a-fwalk.o)
                              C:/ST/STM32CubeIDE_1.12.1/STM32CubeIDE/plugins/com.st.stm32cube.ide.mcu.externaltools.gnu-tools-for-stm32.11.3.rel1.win32_1.1.0.202305231506/tools/bin/../lib/gcc/arm-none-eabi/11.3.1/../../../../arm-none-eabi/lib/thumb/v7e-m+fp/hard\libc_nano.a(libc_a-findfp.o) (_fwalk_sglue)
C:/ST/STM32CubeIDE_1.12.1/STM32CubeIDE/plugins/com.st.stm32cube.ide.mcu.externaltools.gnu-tools-for-stm32.11.3.rel1.win32_1.1.0.202305231506/tools/bin/../lib/gcc/arm-none-eabi/11.3.1/../../../../arm-none-eabi/lib/thumb/v7e-m+fp/hard\libc_nano.a(libc_a-stdio.o)
                              C:/ST/STM32CubeIDE_1.12.1/STM32CubeIDE/plugins/com.st.stm32cube.ide.mcu.externaltools.gnu-tools-for-stm32.11.3.rel1.win32_1.1.0.202305231506/tools/bin/../lib/gcc/arm-none-eabi/11.3.1/../../../../arm-none-eabi/lib/thumb/v7e-m+fp/hard\libc_nano.a(libc_a-findfp.o) (__sread)
C:/ST/STM32CubeIDE_1.12.1/STM32CubeIDE/plugins/com.st.stm32cube.ide.mcu.externaltools.gnu-tools-for-stm32.11.3.rel1.win32_1.1.0.202305231506/tools/bin/../lib/gcc/arm-none-eabi/11.3.1/../../../../arm-none-eabi/lib/thumb/v7e-m+fp/hard\libc_nano.a(libc_a-memset.o)
                              C:/ST/STM32CubeIDE_1.12.1/STM32CubeIDE/plugins/com.st.stm32cube.ide.mcu.externaltools.gnu-tools-for-stm32.11.3.rel1.win32_1.1.0.202305231506/tools/bin/../lib/gcc/arm-none-eabi/11.3.1/../../../../arm-none-eabi/lib/thumb/v7e-m+fp/hard/crt0.o (memset)
C:/ST/STM32CubeIDE_1.12.1/STM32CubeIDE/plugins/com.st.stm32cube.ide.mcu.externaltools.gnu-tools-for-stm32.11.3.rel1.win32_1.1.0.202305231506/tools/bin/../lib/gcc/arm-none-eabi/11.3.1/../../../../arm-none-eabi/lib/thumb/v7e-m+fp/hard\libc_nano.a(libc_a-closer.o)
                              C:/ST/STM32CubeIDE_1.12.1/STM32CubeIDE/plugins/com.st.stm32cube.ide.mcu.externaltools.gnu-tools-for-stm32.11.3.rel1.win32_1.1.0.202305231506/tools/bin/../lib/gcc/arm-none-eabi/11.3.1/../../../../arm-none-eabi/lib/thumb/v7e-m+fp/hard\libc_nano.a(libc_a-stdio.o) (_close_r)
C:/ST/STM32CubeIDE_1.12.1/STM32CubeIDE/plugins/com.st.stm32cube.ide.mcu.externaltools.gnu-tools-for-stm32.11.3.rel1.win32_1.1.0.202305231506/tools/bin/../lib/gcc/arm-none-eabi/11.3.1/../../../../arm-none-eabi/lib/thumb/v7e-m+fp/hard\libc_nano.a(libc_a-reent.o)
                              C:/ST/STM32CubeIDE_1.12.1/STM32CubeIDE/plugins/com.st.stm32cube.ide.mcu.externaltools.gnu-tools-for-stm32.11.3.rel1.win32_1.1.0.202305231506/tools/bin/../lib/gcc/arm-none-eabi/11.3.1/../../../../arm-none-eabi/lib/thumb/v7e-m+fp/hard\libc_nano.a(libc_a-closer.o) (errno)
C:/ST/STM32CubeIDE_1.12.1/STM32CubeIDE/plugins/com.st.stm32cube.ide.mcu.externaltools.gnu-tools-for-stm32.11.3.rel1.win32_1.1.0.202305231506/tools/bin/../lib/gcc/arm-none-eabi/11.3.1/../../../../arm-none-eabi/lib/thumb/v7e-m+fp/hard\libc_nano.a(libc_a-impure.o)
                              C:/ST/STM32CubeIDE_1.12.1/STM32CubeIDE/plugins/com.st.stm32cube.ide.mcu.externaltools.gnu-tools-for-stm32.11.3.rel1.win32_1.1.0.202305231506/tools/bin/../lib/gcc/arm-none-eabi/11.3.1/../../../../arm-none-eabi/lib/thumb/v7e-m+fp/hard\libc_nano.a(libc_a-reent.o) (_impure_ptr)
C:/ST/STM32CubeIDE_1.12.1/STM32CubeIDE/plugins/com.st.stm32cube.ide.mcu.externaltools.gnu-tools-for-stm32.11.3.rel1.win32_1.1.0.202305231506/tools/bin/../lib/gcc/arm-none-eabi/11.3.1/../../../../arm-none-eabi/lib/thumb/v7e-m+fp/hard\libc_nano.a(libc_a-lseekr.o)
[...]
Memory Configuration

Name             Origin             Length             Attributes
CCMRAM           0x0000000010000000 0x0000000000010000 xrw
RAM              0x0000000020000000 0x0000000000020000 xrw
FLASH            0x0000000008000000 0x0000000000100000 xr
*default*        0x0000000000000000 0xffffffffffffffff

Linker script and memory map

LOAD C:/ST/STM32CubeIDE_1.12.1/STM32CubeIDE/plugins/com.st.stm32cube.ide.mcu.externaltools.gnu-tools-for-stm32.11.3.rel1.win32_1.1.0.202305231506/tools/bin/../lib/gcc/arm-none-eabi/11.3.1/thumb/v7e-m+fp/hard/crti.o
LOAD C:/ST/STM32CubeIDE_1.12.1/STM32CubeIDE/plugins/com.st.stm32cube.ide.mcu.externaltools.gnu-tools-for-stm32.11.3.rel1.win32_1.1.0.202305231506/tools/bin/../lib/gcc/arm-none-eabi/11.3.1/thumb/v7e-m+fp/hard/crtbegin.o
LOAD C:/ST/STM32CubeIDE_1.12.1/STM32CubeIDE/plugins/com.st.stm32cube.ide.mcu.externaltools.gnu-tools-for-stm32.11.3.rel1.win32_1.1.0.202305231506/tools/bin/../lib/gcc/arm-none-eabi/11.3.1/../../../../arm-none-eabi/lib/thumb/v7e-m+fp/hard/crt0.o
LOAD ./Core/Src/ADIS16475.o
LOAD ./Core/Src/comms_tasks.o
LOAD ./Core/Src/error_monitor_task.o
LOAD ./Core/Src/it.o
LOAD ./Core/Src/main.o
LOAD ./Core/Src/msp.o
LOAD ./Core/Src/sensor_task.o
LOAD ./Core/Src/syscalls.o
LOAD ./Core/Src/sysmem.o
LOAD ./Core/Src/system_stm32f4xx.o
LOAD ./Core/Src/telemetry_packet.o
LOAD ./Core/Src/temp_task.o
LOAD ./Core/Src/timebase_tim.o
LOAD ./Core/Startup/startup_stm32f407vgtx.o
LOAD ./Drivers/STM32F4xx_HAL_Driver/Src/stm32f4xx_hal.o
LOAD ./Drivers/STM32F4xx_HAL_Driver/Src/stm32f4xx_hal_adc.o
LOAD ./Drivers/STM32F4xx_HAL_Driver/Src/stm32f4xx_hal_adc_ex.o
LOAD ./Drivers/STM32F4xx_HAL_Driver/Src/stm32f4xx_hal_can.o
LOAD ./Drivers/STM32F4xx_HAL_Driver/Src/stm32f4xx_hal_cortex.o
LOAD ./Drivers/STM32F4xx_HAL_Driver/Src/stm32f4xx_hal_dma.o
LOAD ./Drivers/STM32F4xx_HAL_Driver/Src/stm32f4xx_hal_dma_ex.o
LOAD ./Drivers/STM32F4xx_HAL_Driver/Src/stm32f4xx_hal_exti.o
LOAD ./Drivers/STM32F4xx_HAL_Driver/Src/stm32f4xx_hal_flash.o
LOAD ./Drivers/STM32F4xx_HAL_Driver/Src/stm32f4xx_hal_flash_ex.o
LOAD ./Drivers/STM32F4xx_HAL_Driver/Src/stm32f4xx_hal_flash_ramfunc.o
LOAD ./Drivers/STM32F4xx_HAL_Driver/Src/stm32f4xx_hal_gpio.o
LOAD ./Drivers/STM32F4xx_HAL_Driver/Src/stm32f4xx_hal_pwr.o
LOAD ./Drivers/STM32F4xx_HAL_Driver/Src/stm32f4xx_hal_pwr_ex.o
LOAD ./Drivers/STM32F4xx_HAL_Driver/Src/stm32f4xx_hal_rcc.o
LOAD ./Drivers/STM32F4xx_HAL_Driver/Src/stm32f4xx_hal_rcc_ex.o
LOAD ./Drivers/STM32F4xx_HAL_Driver/Src/stm32f4xx_hal_spi.o
LOAD ./Drivers/STM32F4xx_HAL_Driver/Src/stm32f4xx_hal_tim.o
LOAD ./Drivers/STM32F4xx_HAL_Driver/Src/stm32f4xx_hal_tim_ex.o
LOAD ./Drivers/STM32F4xx_HAL_Driver/Src/stm32f4xx_hal_uart.o
LOAD ./Drivers/STM32F4xx_HAL_Driver/Src/stm32f4xx_ll_adc.o
LOAD ./common/ThirdParty/FreeRTOS/croutine.o
LOAD ./common/ThirdParty/FreeRTOS/event_groups.o
LOAD ./common/ThirdParty/FreeRTOS/list.o
LOAD ./common/ThirdParty/FreeRTOS/queue.o
LOAD ./common/ThirdParty/FreeRTOS/stream_buffer.o
LOAD ./common/ThirdParty/FreeRTOS/tasks.o
LOAD ./common/ThirdParty/FreeRTOS/timers.o
LOAD ./common/ThirdParty/FreeRTOS/portable/GCC/ARM_CM4F/port.o
LOAD ./common/ThirdParty/FreeRTOS/portable/MemMang/heap_4.o
START GROUP
LOAD C:/ST/STM32CubeIDE_1.12.1/STM32CubeIDE/plugins/com.st.stm32cube.ide.mcu.externaltools.gnu-tools-for-stm32.11.3.rel1.win32_1.1.0.202305231506/tools/bin/../lib/gcc/arm-none-eabi/11.3.1/../../../../arm-none-eabi/lib/thumb/v7e-m+fp/hard\libc_nano.a
LOAD C:/ST/STM32CubeIDE_1.12.1/STM32CubeIDE/plugins/com.st.stm32cube.ide.mcu.externaltools.gnu-tools-for-stm32.11.3.rel1.win32_1.1.0.202305231506/tools/bin/../lib/gcc/arm-none-eabi/11.3.1/../../../../arm-none-eabi/lib/thumb/v7e-m+fp/hard\libm.a
END GROUP
START GROUP
LOAD C:/ST/STM32CubeIDE_1.12.1/STM32CubeIDE/plugins/com.st.stm32cube.ide.mcu.externaltools.gnu-tools-for-stm32.11.3.rel1.win32_1.1.0.202305231506/tools/bin/../lib/gcc/arm-none-eabi/11.3.1/thumb/v7e-m+fp/hard\libgcc.a
LOAD C:/ST/STM32CubeIDE_1.12.1/STM32CubeIDE/plugins/com.st.stm32cube.ide.mcu.externaltools.gnu-tools-for-stm32.11.3.rel1.win32_1.1.0.202305231506/tools/bin/../lib/gcc/arm-none-eabi/11.3.1/../../../../arm-none-eabi/lib/thumb/v7e-m+fp/hard\libc_nano.a
END GROUP
START GROUP
LOAD C:/ST/STM32CubeIDE_1.12.1/STM32CubeIDE/plugins/com.st.stm32cube.ide.mcu.externaltools.gnu-tools-for-stm32.11.3.rel1.win32_1.1.0.202305231506/tools/bin/../lib/gcc/arm-none-eabi/11.3.1/thumb/v7e-m+fp/hard\libgcc.a
LOAD C:/ST/STM32CubeIDE_1.12.1/STM32CubeIDE/plugins/com.st.stm32cube.ide.mcu.externaltools.gnu-tools-for-stm32.11.3.rel1.win32_1.1.0.202305231506/tools/bin/../lib/gcc/arm-none-eabi/11.3.1/../../../../arm-none-eabi/lib/thumb/v7e-m+fp/hard\libc_nano.a
LOAD C:/ST/STM32CubeIDE_1.12.1/STM32CubeIDE/plugins/com.st.stm32cube.ide.mcu.externaltools.gnu-tools-for-stm32.11.3.rel1.win32_1.1.0.202305231506/tools/bin/../lib/gcc/arm-none-eabi/11.3.1/../../../../arm-none-eabi/lib/thumb/v7e-m+fp/hard\libnosys.a
END GROUP
START GROUP
LOAD C:/ST/STM32CubeIDE_1.12.1/STM32CubeIDE/plugins/com.st.stm32cube.ide.mcu.externaltools.gnu-tools-for-stm32.11.3.rel1.win32_1.1.0.202305231506/tools/bin/../lib/gcc/arm-none-eabi/11.3.1/thumb/v7e-m+fp/hard\libgcc.a
LOAD C:/ST/STM32CubeIDE_1.12.1/STM32CubeIDE/plugins/com.st.stm32cube.ide.mcu.externaltools.gnu-tools-for-stm32.11.3.rel1.win32_1.1.0.202305231506/tools/bin/../lib/gcc/arm-none-eabi/11.3.1/../../../../arm-none-eabi/lib/thumb/v7e-m+fp/hard\libc_nano.a
LOAD C:/ST/STM32CubeIDE_1.12.1/STM32CubeIDE/plugins/com.st.stm32cube.ide.mcu.externaltools.gnu-tools-for-stm32.11.3.rel1.win32_1.1.0.202305231506/tools/bin/../lib/gcc/arm-none-eabi/11.3.1/../../../../arm-none-eabi/lib/thumb/v7e-m+fp/hard\libnosys.a
END GROUP
LOAD C:/ST/STM32CubeIDE_1.12.1/STM32CubeIDE/plugins/com.st.stm32cube.ide.mcu.externaltools.gnu-tools-for-stm32.11.3.rel1.win32_1.1.0.202305231506/tools/bin/../lib/gcc/arm-none-eabi/11.3.1/thumb/v7e-m+fp/hard/crtend.o
LOAD C:/ST/STM32CubeIDE_1.12.1/STM32CubeIDE/plugins/com.st.stm32cube.ide.mcu.externaltools.gnu-tools-for-stm32.11.3.rel1.win32_1.1.0.202305231506/tools/bin/../lib/gcc/arm-none-eabi/11.3.1/thumb/v7e-m+fp/hard/crtn.o
                0x0000000020020000                _estack = (ORIGIN (RAM) + LENGTH (RAM))
                0x0000000000000200                _Min_Heap_Size = 0x200
                0x0000000000000400                _Min_Stack_Size = 0x400

.isr_vector     0x0000000008000000      0x188
                0x0000000008000000                . = ALIGN (0x4)
 *(.isr_vector)
 .isr_vector    0x0000000008000000      0x188 ./Core/Startup/startup_stm32f407vgtx.o
                0x0000000008000000                g_pfnVectors
                0x0000000008000188                . = ALIGN (0x4)

.text           0x0000000008000190     0x72e0
                0x0000000008000190                . = ALIGN (0x4)
 *(.text)
 .text          0x0000000008000190       0x40 C:/ST/STM32CubeIDE_1.12.1/STM32CubeIDE/plugins/com.st.stm32cube.ide.mcu.externaltools.gnu-tools-for-stm32.11.3.rel1.win32_1.1.0.202305231506/tools/bin/../lib/gcc/arm-none-eabi/11.3.1/thumb/v7e-m+fp/hard/crtbegin.o
 .text          0x00000000080001d0       0x30 C:/ST/STM32CubeIDE_1.12.1/STM32CubeIDE/plugins/com.st.stm32cube.ide.mcu.externaltools.gnu-tools-for-stm32.11.3.rel1.win32_1.1.0.202305231506/tools/bin/../lib/gcc/arm-none-eabi/11.3.1/thumb/v7e-m+fp/hard\libgcc.a(_aeabi_uldivmod.o)
                0x00000000080001d0                __aeabi_uldivmod
 .text          0x0000000008000200      0x2c8 C:/ST/STM32CubeIDE_1.12.1/STM32CubeIDE/plugins/com.st.stm32cube.ide.mcu.externaltools.gnu-tools-for-stm32.11.3.rel1.win32_1.1.0.202305231506/tools/bin/../lib/gcc/arm-none-eabi/11.3.1/thumb/v7e-m+fp/hard\libgcc.a(_udivmoddi4.o)
                0x0000000008000200                __udivmoddi4
 .text          0x00000000080004c8        0x4 C:/ST/STM32CubeIDE_1.12.1/STM32CubeIDE/plugins/com.st.stm32cube.ide.mcu.externaltools.gnu-tools-for-stm32.11.3.rel1.win32_1.1.0.202305231506/tools/bin/../lib/gcc/arm-none-eabi/11.3.1/thumb/v7e-m+fp/hard\libgcc.a(_dvmd_tls.o)
                0x00000000080004c8                __aeabi_idiv0
                0x00000000080004c8                __aeabi_ldiv0
 *(.text*)
 .text.ADIS16475_Init
                0x00000000080004cc       0x20 ./Core/Src/ADIS16475.o
                0x00000000080004cc                ADIS16475_Init
 .text.ADIS16475_ReadRegister
                0x00000000080004ec       0xbc ./Core/Src/ADIS16475.o
                0x00000000080004ec                ADIS16475_ReadRegister
 .text.ADIS16475_ReadGyro
                0x00000000080005a8       0x84 ./Core/Src/ADIS16475.o
                0x00000000080005a8                ADIS16475_ReadGyro
 .text.ADIS16475_ReadAccel
                0x000000000800062c       0x84 ./Core/Src/ADIS16475.o
                0x000000000800062c                ADIS16475_ReadAccel
 .text.Delay_Us
                0x00000000080006b0       0x36 ./Core/Src/ADIS16475.o
                0x00000000080006b0                Delay_Us
 *fill*         0x00000000080006e6        0x2 
 .text.comms_task
                0x00000000080006e8       0x68 ./Core/Src/comms_tasks.o
                0x00000000080006e8                comms_task
 .text.send_telemetry_uart
                0x0000000008000750       0x58 ./Core/Src/comms_tasks.o
 .text.send_telemetry_can
                0x00000000080007a8      0x120 ./Core/Src/comms_tasks.o
 .text.error_monitor_task
                0x00000000080008c8       0x90 ./Core/Src/error_monitor_task.o
                0x00000000080008c8                error_monitor_task
 .text.TIM6_DAC_IRQHandler
                0x0000000008000958       0x14 ./Core/Src/it.o
                0x0000000008000958                TIM6_DAC_IRQHandler
 .text.main     0x000000000800096c      0x14c ./Core/Src/main.o
                0x000000000800096c                main
 .text.SystemClock_Config
                0x0000000008000ab8       0xd4 ./Core/Src/main.o
                0x0000000008000ab8                SystemClock_Config
 .text.CAN1_Init
                0x0000000008000b8c       0x6c ./Core/Src/main.o
 .text.SPI1_Init
                0x0000000008000bf8       0x6c ./Core/Src/main.o
 .text.UART2_Init
                0x0000000008000c64       0x4c ./Core/Src/main.o
 .text.TEMP_ADC_Init
                0x0000000008000cb0       0xc8 ./Core/Src/main.o
 .text.ADS16475_CSGPIO_Init
                0x0000000008000d78       0x64 ./Core/Src/main.o
 .text.HAL_TIM_PeriodElapsedCallback
                0x0000000008000ddc       0x50 ./Core/Src/main.o
                0x0000000008000ddc                HAL_TIM_PeriodElapsedCallback
 .text.Error_Handler
                0x0000000008000e2c        0x6 ./Core/Src/main.o
                0x0000000008000e2c                Error_Handler
 *fill*         0x0000000008000e32        0x2 
 .text.HAL_MspInit
                0x0000000008000e34       0x50 ./Core/Src/msp.o
                0x0000000008000e34                HAL_MspInit
 .text.HAL_ADC_MspInit
                0x0000000008000e84       0x44 ./Core/Src/msp.o
                0x0000000008000e84                HAL_ADC_MspInit
 .text.HAL_CAN_MspInit
                0x0000000008000ec8       0x90 ./Core/Src/msp.o
                0x0000000008000ec8                HAL_CAN_MspInit
 .text.HAL_SPI_MspInit
                0x0000000008000f58       0x90 ./Core/Src/msp.o
                0x0000000008000f58                HAL_SPI_MspInit
 .text.HAL_UART_MspInit
                0x0000000008000fe8       0x90 ./Core/Src/msp.o
                0x0000000008000fe8                HAL_UART_MspInit
 .text.sensor_task
                0x0000000008001078       0xb4 ./Core/Src/sensor_task.o
                0x0000000008001078                sensor_task
 .text.SystemInit
                0x000000000800112c       0x24 ./Core/Src/system_stm32f4xx.o
                0x000000000800112c                SystemInit
 .text.telemetry_init
                0x0000000008001150       0x88 ./Core/Src/telemetry_packet.o
                0x0000000008001150                telemetry_init
 .text.temp_task
                0x00000000080011d8      0x104 ./Core/Src/temp_task.o
                0x00000000080011d8                temp_task
 .text.HAL_InitTick
                0x00000000080012dc       0xa0 ./Core/Src/timebase_tim.o
                0x00000000080012dc                HAL_InitTick
 .text.Reset_Handler
                0x000000000800137c       0x50 ./Core/Startup/startup_stm32f407vgtx.o
                0x000000000800137c                Reset_Handler
 .text.Default_Handler
                0x00000000080013cc        0x2 ./Core/Startup/startup_stm32f407vgtx.o
                0x00000000080013cc                RTC_Alarm_IRQHandler
                0x00000000080013cc                HASH_RNG_IRQHandler
                0x00000000080013cc                EXTI2_IRQHandler
                0x00000000080013cc                TIM8_CC_IRQHandler
                0x00000000080013cc                DebugMon_Handler
                0x00000000080013cc                TIM1_CC_IRQHandler
                0x00000000080013cc                DMA2_Stream5_IRQHandler
                0x00000000080013cc                HardFault_Handler
                0x00000000080013cc                DMA1_Stream5_IRQHandler
                0x00000000080013cc                PVD_IRQHandler
                0x00000000080013cc                SDIO_IRQHandler
                0x00000000080013cc                TAMP_STAMP_IRQHandler
                0x00000000080013cc                NMI_Handler
                0x00000000080013cc                CAN2_RX1_IRQHandler
                0x00000000080013cc                EXTI3_IRQHandler
                0x00000000080013cc                TIM8_TRG_COM_TIM14_IRQHandler
                0x00000000080013cc                TIM1_UP_TIM10_IRQHandler
                0x00000000080013cc                TIM8_UP_TIM13_IRQHandler
                0x00000000080013cc                I2C3_ER_IRQHandler
                0x00000000080013cc                EXTI0_IRQHandler
                0x00000000080013cc                I2C2_EV_IRQHandler
                0x00000000080013cc                DMA1_Stream2_IRQHandler
                0x00000000080013cc                CAN1_RX0_IRQHandler
                0x00000000080013cc                FPU_IRQHandler
                0x00000000080013cc                OTG_HS_WKUP_IRQHandler
                0x00000000080013cc                UsageFault_Handler
                0x00000000080013cc                CAN2_SCE_IRQHandler
                0x00000000080013cc                DMA2_Stream2_IRQHandler
                0x00000000080013cc                SPI1_IRQHandler
                0x00000000080013cc                TIM1_BRK_TIM9_IRQHandler
                0x00000000080013cc                DCMI_IRQHandler
                0x00000000080013cc                CAN2_RX0_IRQHandler
                0x00000000080013cc                DMA2_Stream3_IRQHandler
                0x00000000080013cc                USART6_IRQHandler
                0x00000000080013cc                USART3_IRQHandler
                0x00000000080013cc                CAN1_RX1_IRQHandler
                0x00000000080013cc                UART5_IRQHandler
                0x00000000080013cc                DMA2_Stream0_IRQHandler
                0x00000000080013cc                TIM4_IRQHandler
                0x00000000080013cc                I2C1_EV_IRQHandler
                0x00000000080013cc                DMA1_Stream6_IRQHandler
                0x00000000080013cc                DMA1_Stream1_IRQHandler
                0x00000000080013cc                UART4_IRQHandler
                0x00000000080013cc                TIM3_IRQHandler
                0x00000000080013cc                RCC_IRQHandler
                0x00000000080013cc                TIM8_BRK_TIM12_IRQHandler
                0x00000000080013cc                Default_Handler
                0x00000000080013cc                EXTI15_10_IRQHandler
                0x00000000080013cc                ADC_IRQHandler
                0x00000000080013cc                DMA1_Stream7_IRQHandler
                0x00000000080013cc                TIM7_IRQHandler
                0x00000000080013cc                CAN2_TX_IRQHandler
                0x00000000080013cc                TIM5_IRQHandler
                0x00000000080013cc                DMA2_Stream7_IRQHandler
                0x00000000080013cc                I2C3_EV_IRQHandler
                0x00000000080013cc                EXTI9_5_IRQHandler
                0x00000000080013cc                RTC_WKUP_IRQHandler
                0x00000000080013cc                ETH_WKUP_IRQHandler
                0x00000000080013cc                SPI2_IRQHandler
                0x00000000080013cc                OTG_HS_EP1_IN_IRQHandler
                0x00000000080013cc                MemManage_Handler
                0x00000000080013cc                DMA1_Stream0_IRQHandler
                0x00000000080013cc                CAN1_TX_IRQHandler
                0x00000000080013cc                EXTI4_IRQHandler
                0x00000000080013cc                FSMC_IRQHandler
                0x00000000080013cc                ETH_IRQHandler
                0x00000000080013cc                OTG_HS_EP1_OUT_IRQHandler
                0x00000000080013cc                WWDG_IRQHandler
                0x00000000080013cc                TIM2_IRQHandler
                0x00000000080013cc                OTG_FS_WKUP_IRQHandler
                0x00000000080013cc                TIM1_TRG_COM_TIM11_IRQHandler
                0x00000000080013cc                OTG_HS_IRQHandler
                0x00000000080013cc                EXTI1_IRQHandler
                0x00000000080013cc                USART2_IRQHandler
                0x00000000080013cc                I2C2_ER_IRQHandler
                0x00000000080013cc                DMA2_Stream1_IRQHandler
                0x00000000080013cc                CAN1_SCE_IRQHandler
                0x00000000080013cc                FLASH_IRQHandler
                0x00000000080013cc                DMA2_Stream4_IRQHandler
                0x00000000080013cc                BusFault_Handler
                0x00000000080013cc                USART1_IRQHandler
                0x00000000080013cc                OTG_FS_IRQHandler
                0x00000000080013cc                SPI3_IRQHandler
                0x00000000080013cc                DMA1_Stream4_IRQHandler
                0x00000000080013cc                I2C1_ER_IRQHandler
                0x00000000080013cc                DMA2_Stream6_IRQHandler
                0x00000000080013cc                DMA1_Stream3_IRQHandler
 *fill*         0x00000000080013ce        0x2 
 .text.HAL_Init
                0x00000000080013d0       0x44 ./Drivers/STM32F4xx_HAL_Driver/Src/stm32f4xx_hal.o
                0x00000000080013d0                HAL_Init
 .text.HAL_IncTick
                0x0000000008001414       0x28 ./Drivers/STM32F4xx_HAL_Driver/Src/stm32f4xx_hal.o
                0x0000000008001414                HAL_IncTick
 .text.HAL_GetTick
                0x000000000800143c       0x18 ./Drivers/STM32F4xx_HAL_Driver/Src/stm32f4xx_hal.o
                0x000000000800143c                HAL_GetTick
 .text.HAL_ADC_Init
                0x0000000008001454       0x86 ./Drivers/STM32F4xx_HAL_Driver/Src/stm32f4xx_hal_adc.o
                0x0000000008001454                HAL_ADC_Init
 *fill*         0x00000000080014da        0x2 
 .text.HAL_ADC_Start
                0x00000000080014dc      0x1a4 ./Drivers/STM32F4xx_HAL_Driver/Src/stm32f4xx_hal_adc.o
                0x00000000080014dc                HAL_ADC_Start
 .text.HAL_ADC_PollForConversion
                0x0000000008001680      0x116 ./Drivers/STM32F4xx_HAL_Driver/Src/stm32f4xx_hal_adc.o
                0x0000000008001680                HAL_ADC_PollForConversion
 .text.HAL_ADC_GetValue
                0x0000000008001796       0x1a ./Drivers/STM32F4xx_HAL_Driver/Src/stm32f4xx_hal_adc.o
                0x0000000008001796                HAL_ADC_GetValue
 .text.HAL_ADC_ConfigChannel
                0x00000000080017b0      0x244 ./Drivers/STM32F4xx_HAL_Driver/Src/stm32f4xx_hal_adc.o
                0x00000000080017b0                HAL_ADC_ConfigChannel
 .text.ADC_Init
                0x00000000080019f4      0x1f8 ./Drivers/STM32F4xx_HAL_Driver/Src/stm32f4xx_hal_adc.o
 .text.HAL_CAN_Init
                0x0000000008001bec      0x1f6 ./Drivers/STM32F4xx_HAL_Driver/Src/stm32f4xx_hal_can.o
                0x0000000008001bec                HAL_CAN_Init
 .text.HAL_CAN_AddTxMessage
                0x0000000008001de2      0x1b6 ./Drivers/STM32F4xx_HAL_Driver/Src/stm32f4xx_hal_can.o
                0x0000000008001de2                HAL_CAN_AddTxMessage
 .text.__NVIC_SetPriorityGrouping
                0x0000000008001f98       0x48 ./Drivers/STM32F4xx_HAL_Driver/Src/stm32f4xx_hal_cortex.o
 .text.__NVIC_GetPriorityGrouping
                0x0000000008001fe0       0x1c ./Drivers/STM32F4xx_HAL_Driver/Src/stm32f4xx_hal_cortex.o
 .text.__NVIC_EnableIRQ
                0x0000000008001ffc       0x3c ./Drivers/STM32F4xx_HAL_Driver/Src/stm32f4xx_hal_cortex.o
 .text.__NVIC_SetPriority
                0x0000000008002038       0x54 ./Drivers/STM32F4xx_HAL_Driver/Src/stm32f4xx_hal_cortex.o
 .text.NVIC_EncodePriority
                0x000000000800208c       0x66 ./Drivers/STM32F4xx_HAL_Driver/Src/stm32f4xx_hal_cortex.o
 .text.HAL_NVIC_SetPriorityGrouping
                0x00000000080020f2       0x16 ./Drivers/STM32F4xx_HAL_Driver/Src/stm32f4xx_hal_cortex.o
                0x00000000080020f2                HAL_NVIC_SetPriorityGrouping
 .text.HAL_NVIC_SetPriority
                0x0000000008002108       0x38 ./Drivers/STM32F4xx_HAL_Driver/Src/stm32f4xx_hal_cortex.o
                0x0000000008002108                HAL_NVIC_SetPriority
 .text.HAL_NVIC_EnableIRQ
                0x0000000008002140       0x1c ./Drivers/STM32F4xx_HAL_Driver/Src/stm32f4xx_hal_cortex.o
                0x0000000008002140                HAL_NVIC_EnableIRQ
 .text.HAL_GPIO_Init
                0x000000000800215c      0x338 ./Drivers/STM32F4xx_HAL_Driver/Src/stm32f4xx_hal_gpio.o
                0x000000000800215c                HAL_GPIO_Init
 .text.HAL_GPIO_WritePin
                0x0000000008002494       0x32 ./Drivers/STM32F4xx_HAL_Driver/Src/stm32f4xx_hal_gpio.o
                0x0000000008002494                HAL_GPIO_WritePin
 *fill*         0x00000000080024c6        0x2 
 .text.HAL_RCC_OscConfig
                0x00000000080024c8      0x4f0 ./Drivers/STM32F4xx_HAL_Driver/Src/stm32f4xx_hal_rcc.o
                0x00000000080024c8                HAL_RCC_OscConfig
 .text.HAL_RCC_ClockConfig
                0x00000000080029b8      0x1cc ./Drivers/STM32F4xx_HAL_Driver/Src/stm32f4xx_hal_rcc.o
                0x00000000080029b8                HAL_RCC_ClockConfig
 .text.HAL_RCC_GetSysClockFreq
                0x0000000008002b84      0x20c ./Drivers/STM32F4xx_HAL_Driver/Src/stm32f4xx_hal_rcc.o
                0x0000000008002b84                HAL_RCC_GetSysClockFreq
 .text.HAL_RCC_GetHCLKFreq
                0x0000000008002d90       0x18 ./Drivers/STM32F4xx_HAL_Driver/Src/stm32f4xx_hal_rcc.o
                0x0000000008002d90                HAL_RCC_GetHCLKFreq
 .text.HAL_RCC_GetPCLK1Freq
                0x0000000008002da8       0x28 ./Drivers/STM32F4xx_HAL_Driver/Src/stm32f4xx_hal_rcc.o
                0x0000000008002da8                HAL_RCC_GetPCLK1Freq
 .text.HAL_RCC_GetPCLK2Freq
                0x0000000008002dd0       0x28 ./Drivers/STM32F4xx_HAL_Driver/Src/stm32f4xx_hal_rcc.o
                0x0000000008002dd0                HAL_RCC_GetPCLK2Freq
 .text.HAL_SPI_Init
                0x0000000008002df8      0x112 ./Drivers/STM32F4xx_HAL_Driver/Src/stm32f4xx_hal_spi.o
                0x0000000008002df8                HAL_SPI_Init
 .text.HAL_SPI_Transmit
                0x0000000008002f0a      0x278 ./Drivers/STM32F4xx_HAL_Driver/Src/stm32f4xx_hal_spi.o
                0x0000000008002f0a                HAL_SPI_Transmit
 .text.HAL_SPI_TransmitReceive
                0x0000000008003182      0x344 ./Drivers/STM32F4xx_HAL_Driver/Src/stm32f4xx_hal_spi.o
                0x0000000008003182                HAL_SPI_TransmitReceive
 *fill*         0x00000000080034c6        0x2 
 .text.SPI_WaitFlagStateUntilTimeout
                0x00000000080034c8      0x110 ./Drivers/STM32F4xx_HAL_Driver/Src/stm32f4xx_hal_spi.o
 .text.SPI_EndRxTxTransaction
                0x00000000080035d8       0x84 ./Drivers/STM32F4xx_HAL_Driver/Src/stm32f4xx_hal_spi.o
 .text.HAL_TIM_Base_Init
                0x000000000800365c       0x9e ./Drivers/STM32F4xx_HAL_Driver/Src/stm32f4xx_hal_tim.o
                0x000000000800365c                HAL_TIM_Base_Init
 .text.HAL_TIM_Base_MspInit
                0x00000000080036fa       0x14 ./Drivers/STM32F4xx_HAL_Driver/Src/stm32f4xx_hal_tim.o
                0x00000000080036fa                HAL_TIM_Base_MspInit
 *fill*         0x000000000800370e        0x2 
 .text.HAL_TIM_Base_Start_IT
                0x0000000008003710       0xe0 ./Drivers/STM32F4xx_HAL_Driver/Src/stm32f4xx_hal_tim.o
                0x0000000008003710                HAL_TIM_Base_Start_IT
 .text.HAL_TIM_IRQHandler
                0x00000000080037f0      0x210 ./Drivers/STM32F4xx_HAL_Driver/Src/stm32f4xx_hal_tim.o
                0x00000000080037f0                HAL_TIM_IRQHandler
 .text.HAL_TIM_OC_DelayElapsedCallback
                0x0000000008003a00       0x14 ./Drivers/STM32F4xx_HAL_Driver/Src/stm32f4xx_hal_tim.o
                0x0000000008003a00                HAL_TIM_OC_DelayElapsedCallback
 .text.HAL_TIM_IC_CaptureCallback
                0x0000000008003a14       0x14 ./Drivers/STM32F4xx_HAL_Driver/Src/stm32f4xx_hal_tim.o
                0x0000000008003a14                HAL_TIM_IC_CaptureCallback
 .text.HAL_TIM_PWM_PulseFinishedCallback
                0x0000000008003a28       0x14 ./Drivers/STM32F4xx_HAL_Driver/Src/stm32f4xx_hal_tim.o
                0x0000000008003a28                HAL_TIM_PWM_PulseFinishedCallback
 .text.HAL_TIM_TriggerCallback
                0x0000000008003a3c       0x14 ./Drivers/STM32F4xx_HAL_Driver/Src/stm32f4xx_hal_tim.o
                0x0000000008003a3c                HAL_TIM_TriggerCallback
 .text.TIM_Base_SetConfig
                0x0000000008003a50      0x140 ./Drivers/STM32F4xx_HAL_Driver/Src/stm32f4xx_hal_tim.o
                0x0000000008003a50                TIM_Base_SetConfig
 .text.HAL_TIMEx_CommutCallback
                0x0000000008003b90       0x14 ./Drivers/STM32F4xx_HAL_Driver/Src/stm32f4xx_hal_tim_ex.o
                0x0000000008003b90                HAL_TIMEx_CommutCallback
 .text.HAL_TIMEx_BreakCallback
                0x0000000008003ba4       0x14 ./Drivers/STM32F4xx_HAL_Driver/Src/stm32f4xx_hal_tim_ex.o
                0x0000000008003ba4                HAL_TIMEx_BreakCallback
 .text.HAL_UART_Init
                0x0000000008003bb8       0x9a ./Drivers/STM32F4xx_HAL_Driver/Src/stm32f4xx_hal_uart.o
                0x0000000008003bb8                HAL_UART_Init
 .text.HAL_UART_Transmit
                0x0000000008003c52      0x124 ./Drivers/STM32F4xx_HAL_Driver/Src/stm32f4xx_hal_uart.o
                0x0000000008003c52                HAL_UART_Transmit
 .text.UART_WaitOnFlagUntilTimeout
                0x0000000008003d76       0xdc ./Drivers/STM32F4xx_HAL_Driver/Src/stm32f4xx_hal_uart.o
 *fill*         0x0000000008003e52        0x2 
 .text.UART_SetConfig
                0x0000000008003e54      0x4e8 ./Drivers/STM32F4xx_HAL_Driver/Src/stm32f4xx_hal_uart.o
 .text.vListInitialise
                0x000000000800433c       0x40 ./common/ThirdParty/FreeRTOS/list.o
                0x000000000800433c                vListInitialise
 .text.vListInitialiseItem
                0x000000000800437c       0x1a ./common/ThirdParty/FreeRTOS/list.o
                0x000000000800437c                vListInitialiseItem
 .text.vListInsert
                0x0000000008004396       0x72 ./common/ThirdParty/FreeRTOS/list.o
                0x0000000008004396                vListInsert
 .text.uxListRemove
                0x0000000008004408       0x54 ./common/ThirdParty/FreeRTOS/list.o
                0x0000000008004408                uxListRemove
 .text.xQueueGenericReset
                0x000000000800445c      0x120 ./common/ThirdParty/FreeRTOS/queue.o
                0x000000000800445c                xQueueGenericReset
 .text.xQueueGenericCreate
                0x000000000800457c       0x9c ./common/ThirdParty/FreeRTOS/queue.o
                0x000000000800457c                xQueueGenericCreate
 .text.prvInitialiseNewQueue
                0x0000000008004618       0x46 ./common/ThirdParty/FreeRTOS/queue.o
 .text.prvInitialiseMutex
                0x000000000800465e       0x34 ./common/ThirdParty/FreeRTOS/queue.o
 .text.xQueueCreateMutex
                0x0000000008004692       0x30 ./common/ThirdParty/FreeRTOS/queue.o
                0x0000000008004692                xQueueCreateMutex
 *fill*         0x00000000080046c2        0x2 
 .text.xQueueGenericSend
                0x00000000080046c4      0x1fc ./common/ThirdParty/FreeRTOS/queue.o
                0x00000000080046c4                xQueueGenericSend
 .text.xQueueReceive
                0x00000000080048c0      0x1c0 ./common/ThirdParty/FreeRTOS/queue.o
                0x00000000080048c0                xQueueReceive
 .text.xQueueSemaphoreTake
                0x0000000008004a80      0x1fc ./common/ThirdParty/FreeRTOS/queue.o
                0x0000000008004a80                xQueueSemaphoreTake
 .text.prvGetDisinheritPriorityAfterTimeout
                0x0000000008004c7c       0x30 ./common/ThirdParty/FreeRTOS/queue.o
 .text.prvCopyDataToQueue
                0x0000000008004cac       0xd4 ./common/ThirdParty/FreeRTOS/queue.o
 .text.prvCopyDataFromQueue
                0x0000000008004d80       0x4c ./common/ThirdParty/FreeRTOS/queue.o
 .text.prvUnlockQueue
                0x0000000008004dcc       0xa4 ./common/ThirdParty/FreeRTOS/queue.o
 .text.prvIsQueueEmpty
                0x0000000008004e70       0x2c ./common/ThirdParty/FreeRTOS/queue.o
 .text.prvIsQueueFull
                0x0000000008004e9c       0x30 ./common/ThirdParty/FreeRTOS/queue.o
 .text.vQueueAddToRegistry
                0x0000000008004ecc       0x9c ./common/ThirdParty/FreeRTOS/queue.o
                0x0000000008004ecc                vQueueAddToRegistry
 .text.vQueueWaitForMessageRestricted
                0x0000000008004f68       0x68 ./common/ThirdParty/FreeRTOS/queue.o
                0x0000000008004f68                vQueueWaitForMessageRestricted
 .text.xTaskCreate
                0x0000000008004fd0       0x8c ./common/ThirdParty/FreeRTOS/tasks.o
                0x0000000008004fd0                xTaskCreate
 .text.prvInitialiseNewTask
                0x000000000800505c      0x11c ./common/ThirdParty/FreeRTOS/tasks.o
 .text.prvAddNewTaskToReadyList
                0x0000000008005178      0x12c ./common/ThirdParty/FreeRTOS/tasks.o
 .text.xTaskDelayUntil
                0x00000000080052a4       0xfc ./common/ThirdParty/FreeRTOS/tasks.o
                0x00000000080052a4                xTaskDelayUntil
 .text.vTaskDelay
                0x00000000080053a0       0x68 ./common/ThirdParty/FreeRTOS/tasks.o
                0x00000000080053a0                vTaskDelay
 .text.vTaskStartScheduler
                0x0000000008005408       0xa4 ./common/ThirdParty/FreeRTOS/tasks.o
                0x0000000008005408                vTaskStartScheduler
 .text.vTaskSuspendAll
                0x00000000080054ac       0x1c ./common/ThirdParty/FreeRTOS/tasks.o
                0x00000000080054ac                vTaskSuspendAll
 .text.xTaskResumeAll
                0x00000000080054c8      0x1f8 ./common/ThirdParty/FreeRTOS/tasks.o
                0x00000000080054c8                xTaskResumeAll
 .text.xTaskGetTickCount
                0x00000000080056c0       0x20 ./common/ThirdParty/FreeRTOS/tasks.o
                0x00000000080056c0                xTaskGetTickCount
 .text.xTaskIncrementTick
                0x00000000080056e0      0x22c ./common/ThirdParty/FreeRTOS/tasks.o
                0x00000000080056e0                xTaskIncrementTick
 .text.vTaskSwitchContext
                0x000000000800590c       0xb8 ./common/ThirdParty/FreeRTOS/tasks.o
                0x000000000800590c                vTaskSwitchContext
 .text.vTaskPlaceOnEventList
                0x00000000080059c4       0x48 ./common/ThirdParty/FreeRTOS/tasks.o
                0x00000000080059c4                vTaskPlaceOnEventList
 .text.vTaskPlaceOnEventListRestricted
                0x0000000008005a0c       0x8c ./common/ThirdParty/FreeRTOS/tasks.o
                0x0000000008005a0c                vTaskPlaceOnEventListRestricted
 .text.xTaskRemoveFromEventList
                0x0000000008005a98      0x1ac ./common/ThirdParty/FreeRTOS/tasks.o
                0x0000000008005a98                xTaskRemoveFromEventList
 .text.vTaskInternalSetTimeOutState
                0x0000000008005c44       0x2c ./common/ThirdParty/FreeRTOS/tasks.o
                0x0000000008005c44                vTaskInternalSetTimeOutState
 .text.xTaskCheckForTimeOut
                0x0000000008005c70       0xcc ./common/ThirdParty/FreeRTOS/tasks.o
                0x0000000008005c70                xTaskCheckForTimeOut
 .text.vTaskMissedYield
                0x0000000008005d3c       0x18 ./common/ThirdParty/FreeRTOS/tasks.o
                0x0000000008005d3c                vTaskMissedYield
 .text.prvIdleTask
                0x0000000008005d54       0x30 ./common/ThirdParty/FreeRTOS/tasks.o
 .text.prvInitialiseTaskLists
                0x0000000008005d84       0x80 ./common/ThirdParty/FreeRTOS/tasks.o
 .text.prvCheckTasksWaitingTermination
                0x0000000008005e04       0x5c ./common/ThirdParty/FreeRTOS/tasks.o
 .text.prvDeleteTCB
                0x0000000008005e60       0x20 ./common/ThirdParty/FreeRTOS/tasks.o
 .text.prvResetNextTaskUnblockTime
                0x0000000008005e80       0x38 ./common/ThirdParty/FreeRTOS/tasks.o
 .text.xTaskGetSchedulerState
                0x0000000008005eb8       0x3c ./common/ThirdParty/FreeRTOS/tasks.o
                0x0000000008005eb8                xTaskGetSchedulerState
 .text.xTaskPriorityInherit
                0x0000000008005ef4      0x13c ./common/ThirdParty/FreeRTOS/tasks.o
                0x0000000008005ef4                xTaskPriorityInherit
 .text.xTaskPriorityDisinherit
                0x0000000008006030      0x148 ./common/ThirdParty/FreeRTOS/tasks.o
                0x0000000008006030                xTaskPriorityDisinherit
 .text.vTaskPriorityDisinheritAfterTimeout
                0x0000000008006178      0x170 ./common/ThirdParty/FreeRTOS/tasks.o
                0x0000000008006178                vTaskPriorityDisinheritAfterTimeout
 .text.pvTaskIncrementMutexHeldCount
                0x00000000080062e8       0x28 ./common/ThirdParty/FreeRTOS/tasks.o
                0x00000000080062e8                pvTaskIncrementMutexHeldCount
 .text.ulTaskGenericNotifyTake
                0x0000000008006310       0xd0 ./common/ThirdParty/FreeRTOS/tasks.o
                0x0000000008006310                ulTaskGenericNotifyTake
 .text.xTaskGenericNotify
                0x00000000080063e0      0x244 ./common/ThirdParty/FreeRTOS/tasks.o
                0x00000000080063e0                xTaskGenericNotify
 .text.prvAddCurrentTaskToDelayedList
                0x0000000008006624      0x100 ./common/ThirdParty/FreeRTOS/tasks.o
 .text.xTimerCreateTimerTask
                0x0000000008006724       0x64 ./common/ThirdParty/FreeRTOS/timers.o
                0x0000000008006724                xTimerCreateTimerTask
 .text.prvReloadTimer
                0x0000000008006788       0x42 ./common/ThirdParty/FreeRTOS/timers.o
 *fill*         0x00000000080067ca        0x2 
 .text.prvProcessExpiredTimer
                0x00000000080067cc       0x60 ./common/ThirdParty/FreeRTOS/timers.o
 .text.prvTimerTask
                0x000000000800682c       0x24 ./common/ThirdParty/FreeRTOS/timers.o
 .text.prvProcessTimerOrBlockTask
                0x0000000008006850       0x9c ./common/ThirdParty/FreeRTOS/timers.o
 .text.prvGetNextExpireTime
                0x00000000080068ec       0x48 ./common/ThirdParty/FreeRTOS/timers.o
 .text.prvSampleTimeNow
                0x0000000008006934       0x40 ./common/ThirdParty/FreeRTOS/timers.o
 .text.prvInsertTimerInActiveList
                0x0000000008006974       0x84 ./common/ThirdParty/FreeRTOS/timers.o
 .text.prvProcessReceivedCommands
                0x00000000080069f8      0x17c ./common/ThirdParty/FreeRTOS/timers.o
 .text.prvSwitchTimerLists
                0x0000000008006b74       0x4c ./common/ThirdParty/FreeRTOS/timers.o
 .text.prvCheckForValidListAndQueue
                0x0000000008006bc0       0x6c ./common/ThirdParty/FreeRTOS/timers.o
 .text.pxPortInitialiseStack
                0x0000000008006c2c       0x68 ./common/ThirdParty/FreeRTOS/portable/GCC/ARM_CM4F/port.o
                0x0000000008006c2c                pxPortInitialiseStack
 .text.prvTaskExitError
                0x0000000008006c94       0x58 ./common/ThirdParty/FreeRTOS/portable/GCC/ARM_CM4F/port.o
 *fill*         0x0000000008006cec        0x4 
 .text.SVC_Handler
                0x0000000008006cf0       0x28 ./common/ThirdParty/FreeRTOS/portable/GCC/ARM_CM4F/port.o
                0x0000000008006cf0                SVC_Handler
 .text.prvPortStartFirstTask
                0x0000000008006d18       0x2c ./common/ThirdParty/FreeRTOS/portable/GCC/ARM_CM4F/port.o
 .text.xPortStartScheduler
                0x0000000008006d44      0x144 ./common/ThirdParty/FreeRTOS/portable/GCC/ARM_CM4F/port.o
                0x0000000008006d44                xPortStartScheduler
 .text.vPortEnterCritical
                0x0000000008006e88       0x60 ./common/ThirdParty/FreeRTOS/portable/GCC/ARM_CM4F/port.o
                0x0000000008006e88                vPortEnterCritical
 .text.vPortExitCritical
                0x0000000008006ee8       0x54 ./common/ThirdParty/FreeRTOS/portable/GCC/ARM_CM4F/port.o
                0x0000000008006ee8                vPortExitCritical
 *fill*         0x0000000008006f3c        0x4 
 .text.PendSV_Handler
                0x0000000008006f40       0x68 ./common/ThirdParty/FreeRTOS/portable/GCC/ARM_CM4F/port.o
                0x0000000008006f40                PendSV_Handler
 .text.SysTick_Handler
                0x0000000008006fa8       0x44 ./common/ThirdParty/FreeRTOS/portable/GCC/ARM_CM4F/port.o
                0x0000000008006fa8                SysTick_Handler
 .text.vPortSetupTimerInterrupt
                0x0000000008006fec       0x48 ./common/ThirdParty/FreeRTOS/portable/GCC/ARM_CM4F/port.o
                0x0000000008006fec                vPortSetupTimerInterrupt
 .text.vPortEnableVFP
                0x0000000008007034       0x18 ./common/ThirdParty/FreeRTOS/portable/GCC/ARM_CM4F/port.o
 .text.pvPortMalloc
                0x000000000800704c      0x174 ./common/ThirdParty/FreeRTOS/portable/MemMang/heap_4.o
                0x000000000800704c                pvPortMalloc
 .text.vPortFree
                0x00000000080071c0       0xb8 ./common/ThirdParty/FreeRTOS/portable/MemMang/heap_4.o
                0x00000000080071c0                vPortFree
 .text.prvHeapInit
                0x0000000008007278       0xb8 ./common/ThirdParty/FreeRTOS/portable/MemMang/heap_4.o
 .text.prvInsertBlockIntoFreeList
                0x0000000008007330       0xb4 ./common/ThirdParty/FreeRTOS/portable/MemMang/heap_4.o
 .text.memset   0x00000000080073e4       0x10 C:/ST/STM32CubeIDE_1.12.1/STM32CubeIDE/plugins/com.st.stm32cube.ide.mcu.externaltools.gnu-tools-for-stm32.11.3.rel1.win32_1.1.0.202305231506/tools/bin/../lib/gcc/arm-none-eabi/11.3.1/../../../../arm-none-eabi/lib/thumb/v7e-m+fp/hard\libc_nano.a(libc_a-memset.o)
                0x00000000080073e4                memset
 .text.__libc_init_array
                0x00000000080073f4       0x48 C:/ST/STM32CubeIDE_1.12.1/STM32CubeIDE/plugins/com.st.stm32cube.ide.mcu.externaltools.gnu-tools-for-stm32.11.3.rel1.win32_1.1.0.202305231506/tools/bin/../lib/gcc/arm-none-eabi/11.3.1/../../../../arm-none-eabi/lib/thumb/v7e-m+fp/hard\libc_nano.a(libc_a-init.o)
                0x00000000080073f4                __libc_init_array
 .text.memcpy   0x000000000800743c       0x1c C:/ST/STM32CubeIDE_1.12.1/STM32CubeIDE/plugins/com.st.stm32cube.ide.mcu.externaltools.gnu-tools-for-stm32.11.3.rel1.win32_1.1.0.202305231506/tools/bin/../lib/gcc/arm-none-eabi/11.3.1/../../../../arm-none-eabi/lib/thumb/v7e-m+fp/hard\libc_nano.a(libc_a-memcpy-stub.o)
                0x000000000800743c                memcpy
 *(.glue_7)
 .glue_7        0x0000000008007458        0x0 linker stubs
 *(.glue_7t)
 .glue_7t       0x0000000008007458        0x0 linker stubs
 *(.eh_frame)
 .eh_frame      0x0000000008007458        0x0 C:/ST/STM32CubeIDE_1.12.1/STM32CubeIDE/plugins/com.st.stm32cube.ide.mcu.externaltools.gnu-tools-for-stm32.11.3.rel1.win32_1.1.0.202305231506/tools/bin/../lib/gcc/arm-none-eabi/11.3.1/thumb/v7e-m+fp/hard/crtbegin.o
 *(.init)
 .init          0x0000000008007458        0x4 C:/ST/STM32CubeIDE_1.12.1/STM32CubeIDE/plugins/com.st.stm32cube.ide.mcu.externaltools.gnu-tools-for-stm32.11.3.rel1.win32_1.1.0.202305231506/tools/bin/../lib/gcc/arm-none-eabi/11.3.1/thumb/v7e-m+fp/hard/crti.o
                0x0000000008007458                _init
 .init          0x000000000800745c        0x8 C:/ST/STM32CubeIDE_1.12.1/STM32CubeIDE/plugins/com.st.stm32cube.ide.mcu.externaltools.gnu-tools-for-stm32.11.3.rel1.win32_1.1.0.202305231506/tools/bin/../lib/gcc/arm-none-eabi/11.3.1/thumb/v7e-m+fp/hard/crtn.o
 *(.fini)
 .fini          0x0000000008007464        0x4 C:/ST/STM32CubeIDE_1.12.1/STM32CubeIDE/plugins/com.st.stm32cube.ide.mcu.externaltools.gnu-tools-for-stm32.11.3.rel1.win32_1.1.0.202305231506/tools/bin/../lib/gcc/arm-none-eabi/11.3.1/thumb/v7e-m+fp/hard/crti.o
                0x0000000008007464                _fini
 .fini          0x0000000008007468        0x8 C:/ST/STM32CubeIDE_1.12.1/STM32CubeIDE/plugins/com.st.stm32cube.ide.mcu.externaltools.gnu-tools-for-stm32.11.3.rel1.win32_1.1.0.202305231506/tools/bin/../lib/gcc/arm-none-eabi/11.3.1/thumb/v7e-m+fp/hard/crtn.o
                0x0000000008007470                . = ALIGN (0x4)
                0x0000000008007470                _etext = .

.vfp11_veneer   0x0000000008007470        0x0
 .vfp11_veneer  0x0000000008007470        0x0 linker stubs

.v4_bx          0x0000000008007470        0x0
 .v4_bx         0x0000000008007470        0x0 linker stubs

.iplt           0x0000000008007470        0x0
 .iplt          0x0000000008007470        0x0 C:/ST/STM32CubeIDE_1.12.1/STM32CubeIDE/plugins/com.st.stm32cube.ide.mcu.externaltools.gnu-tools-for-stm32.11.3.rel1.win32_1.1.0.202305231506/tools/bin/../lib/gcc/arm-none-eabi/11.3.1/thumb/v7e-m+fp/hard/crtbegin.o

.rodata         0x0000000008007470       0x68
                0x0000000008007470                . = ALIGN (0x4)
 *(.rodata)
 .rodata        0x0000000008007470       0x37 ./Core/Src/main.o
 *fill*         0x00000000080074a7        0x1 
 .rodata        0x00000000080074a8        0x5 ./common/ThirdParty/FreeRTOS/tasks.o
 *fill*         0x00000000080074ad        0x3 
 .rodata        0x00000000080074b0        0xd ./common/ThirdParty/FreeRTOS/timers.o
 *(.rodata*)
 *fill*         0x00000000080074bd        0x3 
 .rodata.AHBPrescTable
                0x00000000080074c0       0x10 ./Core/Src/system_stm32f4xx.o
                0x00000000080074c0                AHBPrescTable
 .rodata.APBPrescTable
                0x00000000080074d0        0x8 ./Core/Src/system_stm32f4xx.o
                0x00000000080074d0                APBPrescTable
                0x00000000080074d8                . = ALIGN (0x4)

.ARM.extab      0x00000000080074d8        0x0
                0x00000000080074d8                . = ALIGN (0x4)
 *(.ARM.extab* .gnu.linkonce.armextab.*)
                0x00000000080074d8                . = ALIGN (0x4)

.ARM            0x00000000080074d8        0x8
                0x00000000080074d8                . = ALIGN (0x4)
                0x00000000080074d8                __exidx_start = .
 *(.ARM.exidx*)
 .ARM.exidx     0x00000000080074d8        0x8 C:/ST/STM32CubeIDE_1.12.1/STM32CubeIDE/plugins/com.st.stm32cube.ide.mcu.externaltools.gnu-tools-for-stm32.11.3.rel1.win32_1.1.0.202305231506/tools/bin/../lib/gcc/arm-none-eabi/11.3.1/thumb/v7e-m+fp/hard\libgcc.a(_udivmoddi4.o)
                0x00000000080074e0                __exidx_end = .
                0x00000000080074e0                . = ALIGN (0x4)

.rel.dyn        0x00000000080074e0        0x0
 .rel.iplt      0x00000000080074e0        0x0 C:/ST/STM32CubeIDE_1.12.1/STM32CubeIDE/plugins/com.st.stm32cube.ide.mcu.externaltools.gnu-tools-for-stm32.11.3.rel1.win32_1.1.0.202305231506/tools/bin/../lib/gcc/arm-none-eabi/11.3.1/thumb/v7e-m+fp/hard/crtbegin.o

.preinit_array  0x00000000080074e0        0x0
                0x00000000080074e0                . = ALIGN (0x4)
                0x00000000080074e0                PROVIDE (__preinit_array_start = .)
 *(.preinit_array*)
                0x00000000080074e0                PROVIDE (__preinit_array_end = .)
                0x00000000080074e0                . = ALIGN (0x4)

.init_array     0x00000000080074e0        0x4
                0x00000000080074e0                . = ALIGN (0x4)
                0x00000000080074e0                PROVIDE (__init_array_start = .)
 *(SORT_BY_NAME(.init_array.*))
 *(.init_array*)
 .init_array    0x00000000080074e0        0x4 C:/ST/STM32CubeIDE_1.12.1/STM32CubeIDE/plugins/com.st.stm32cube.ide.mcu.externaltools.gnu-tools-for-stm32.11.3.rel1.win32_1.1.0.202305231506/tools/bin/../lib/gcc/arm-none-eabi/11.3.1/thumb/v7e-m+fp/hard/crtbegin.o
                0x00000000080074e4                PROVIDE (__init_array_end = .)
                0x00000000080074e4                . = ALIGN (0x4)

.fini_array     0x00000000080074e4        0x4
                0x00000000080074e4                . = ALIGN (0x4)
                [!provide]                        PROVIDE (__fini_array_start = .)
 *(SORT_BY_NAME(.fini_array.*))
 *(.fini_array*)
 .fini_array    0x00000000080074e4        0x4 C:/ST/STM32CubeIDE_1.12.1/STM32CubeIDE/plugins/com.st.stm32cube.ide.mcu.externaltools.gnu-tools-for-stm32.11.3.rel1.win32_1.1.0.202305231506/tools/bin/../lib/gcc/arm-none-eabi/11.3.1/thumb/v7e-m+fp/hard/crtbegin.o
                [!provide]                        PROVIDE (__fini_array_end = .)
                0x00000000080074e8                . = ALIGN (0x4)
                0x00000000080074e8                _sidata = LOADADDR (.data)

.data           0x0000000020000000       0x14 load address 0x00000000080074e8
                0x0000000020000000                . = ALIGN (0x4)
                0x0000000020000000                _sdata = .
 *(.data)
 *(.data*)
 .data.SystemCoreClock
                0x0000000020000000        0x4 ./Core/Src/system_stm32f4xx.o
                0x0000000020000000                SystemCoreClock
 .data.uwTickPrio
                0x0000000020000004        0x4 ./Drivers/STM32F4xx_HAL_Driver/Src/stm32f4xx_hal.o
                0x0000000020000004                uwTickPrio
 .data.uwTickFreq
                0x0000000020000008        0x1 ./Drivers/STM32F4xx_HAL_Driver/Src/stm32f4xx_hal.o
                0x0000000020000008                uwTickFreq
 *fill*         0x0000000020000009        0x3 
 .data.uxTopUsedPriority
                0x000000002000000c        0x4 ./common/ThirdParty/FreeRTOS/tasks.o
                0x000000002000000c                uxTopUsedPriority
 .data.uxCriticalNesting
                0x0000000020000010        0x4 ./common/ThirdParty/FreeRTOS/portable/GCC/ARM_CM4F/port.o
 *(.RamFunc)
 *(.RamFunc*)
                0x0000000020000014                . = ALIGN (0x4)
                0x0000000020000014                _edata = .
                0x00000000080074fc                _siccmram = LOADADDR (.ccmram)

.igot.plt       0x0000000020000014        0x0 load address 0x00000000080074fc
 .igot.plt      0x0000000020000014        0x0 C:/ST/STM32CubeIDE_1.12.1/STM32CubeIDE/plugins/com.st.stm32cube.ide.mcu.externaltools.gnu-tools-for-stm32.11.3.rel1.win32_1.1.0.202305231506/tools/bin/../lib/gcc/arm-none-eabi/11.3.1/thumb/v7e-m+fp/hard/crtbegin.o

.ccmram         0x0000000010000000        0x0 load address 0x00000000080074fc
                0x0000000010000000                . = ALIGN (0x4)
                0x0000000010000000                _sccmram = .
 *(.ccmram)
 *(.ccmram*)
                0x0000000010000000                . = ALIGN (0x4)
                0x0000000010000000                _eccmram = .
                0x0000000010000000                . = ALIGN (0x4)

.bss            0x0000000020000014    0x12f60
                0x0000000020000014                _sbss = .
                0x0000000020000014                __bss_start__ = _sbss
 *(.bss)
 .bss           0x0000000020000014       0x1c C:/ST/STM32CubeIDE_1.12.1/STM32CubeIDE/plugins/com.st.stm32cube.ide.mcu.externaltools.gnu-tools-for-stm32.11.3.rel1.win32_1.1.0.202305231506/tools/bin/../lib/gcc/arm-none-eabi/11.3.1/thumb/v7e-m+fp/hard/crtbegin.o
 *(.bss*)
 .bss.adis_spi  0x0000000020000030        0x4 ./Core/Src/ADIS16475.o
 .bss.hcan1     0x0000000020000034       0x28 ./Core/Src/main.o
                0x0000000020000034                hcan1
 .bss.huart2    0x000000002000005c       0x44 ./Core/Src/main.o
                0x000000002000005c                huart2
 .bss.temp_sensor_adc
                0x00000000200000a0       0x48 ./Core/Src/main.o
                0x00000000200000a0                temp_sensor_adc
 .bss.hspi1     0x00000000200000e8       0x58 ./Core/Src/main.o
                0x00000000200000e8                hspi1
 .bss.spi_timeout_flag
                0x0000000020000140        0x1 ./Core/Src/main.o
                0x0000000020000140                spi_timeout_flag
 .bss.temp_overunder_flag
                0x0000000020000141        0x1 ./Core/Src/main.o
                0x0000000020000141                temp_overunder_flag
 *fill*         0x0000000020000142        0x2 
 .bss.system_seconds
                0x0000000020000144        0x4 ./Core/Src/main.o
                0x0000000020000144                system_seconds
 .bss.handle_sensor_task
                0x0000000020000148        0x4 ./Core/Src/main.o
                0x0000000020000148                handle_sensor_task
 .bss.handle_temp_task
                0x000000002000014c        0x4 ./Core/Src/main.o
                0x000000002000014c                handle_temp_task
 .bss.handle_comms_task
                0x0000000020000150        0x4 ./Core/Src/main.o
                0x0000000020000150                handle_comms_task
 .bss.handle_error_monitor_task
                0x0000000020000154        0x4 ./Core/Src/main.o
                0x0000000020000154                handle_error_monitor_task
 .bss.xTelemetryMutex
                0x0000000020000158        0x4 ./Core/Src/main.o
                0x0000000020000158                xTelemetryMutex
 .bss.tick_counter.0
                0x000000002000015c        0x2 ./Core/Src/main.o
 *fill*         0x000000002000015e        0x2 
 .bss.telemetry_packet
                0x0000000020000160       0x23 ./Core/Src/telemetry_packet.o
                0x0000000020000160                telemetry_packet
 *fill*         0x0000000020000183        0x1 
 .bss.htim6     0x0000000020000184       0x48 ./Core/Src/timebase_tim.o
                0x0000000020000184                htim6
 .bss.uwTick    0x00000000200001cc        0x4 ./Drivers/STM32F4xx_HAL_Driver/Src/stm32f4xx_hal.o
                0x00000000200001cc                uwTick
 .bss.xQueueRegistry
                0x00000000200001d0       0x40 ./common/ThirdParty/FreeRTOS/queue.o
                0x00000000200001d0                xQueueRegistry
 .bss.pxCurrentTCB
                0x0000000020000210        0x4 ./common/ThirdParty/FreeRTOS/tasks.o
                0x0000000020000210                pxCurrentTCB
 .bss.pxReadyTasksLists
                0x0000000020000214       0x64 ./common/ThirdParty/FreeRTOS/tasks.o
 .bss.xDelayedTaskList1
                0x0000000020000278       0x14 ./common/ThirdParty/FreeRTOS/tasks.o
 .bss.xDelayedTaskList2
                0x000000002000028c       0x14 ./common/ThirdParty/FreeRTOS/tasks.o
 .bss.pxDelayedTaskList
                0x00000000200002a0        0x4 ./common/ThirdParty/FreeRTOS/tasks.o
 .bss.pxOverflowDelayedTaskList
                0x00000000200002a4        0x4 ./common/ThirdParty/FreeRTOS/tasks.o
 .bss.xPendingReadyList
                0x00000000200002a8       0x14 ./common/ThirdParty/FreeRTOS/tasks.o
 .bss.xTasksWaitingTermination
                0x00000000200002bc       0x14 ./common/ThirdParty/FreeRTOS/tasks.o
 .bss.uxDeletedTasksWaitingCleanUp
                0x00000000200002d0        0x4 ./common/ThirdParty/FreeRTOS/tasks.o
 .bss.xSuspendedTaskList
                0x00000000200002d4       0x14 ./common/ThirdParty/FreeRTOS/tasks.o
 .bss.uxCurrentNumberOfTasks
                0x00000000200002e8        0x4 ./common/ThirdParty/FreeRTOS/tasks.o
 .bss.xTickCount
                0x00000000200002ec        0x4 ./common/ThirdParty/FreeRTOS/tasks.o
 .bss.uxTopReadyPriority
                0x00000000200002f0        0x4 ./common/ThirdParty/FreeRTOS/tasks.o
 .bss.xSchedulerRunning
                0x00000000200002f4        0x4 ./common/ThirdParty/FreeRTOS/tasks.o
 .bss.xPendedTicks
                0x00000000200002f8        0x4 ./common/ThirdParty/FreeRTOS/tasks.o
 .bss.xYieldPending
                0x00000000200002fc        0x4 ./common/ThirdParty/FreeRTOS/tasks.o
 .bss.xNumOfOverflows
                0x0000000020000300        0x4 ./common/ThirdParty/FreeRTOS/tasks.o
 .bss.uxTaskNumber
                0x0000000020000304        0x4 ./common/ThirdParty/FreeRTOS/tasks.o
 .bss.xNextTaskUnblockTime
                0x0000000020000308        0x4 ./common/ThirdParty/FreeRTOS/tasks.o
 .bss.xIdleTaskHandle
                0x000000002000030c        0x4 ./common/ThirdParty/FreeRTOS/tasks.o
 .bss.uxSchedulerSuspended
                0x0000000020000310        0x4 ./common/ThirdParty/FreeRTOS/tasks.o
 .bss.xActiveTimerList1
                0x0000000020000314       0x14 ./common/ThirdParty/FreeRTOS/timers.o
 .bss.xActiveTimerList2
                0x0000000020000328       0x14 ./common/ThirdParty/FreeRTOS/timers.o
 .bss.pxCurrentTimerList
                0x000000002000033c        0x4 ./common/ThirdParty/FreeRTOS/timers.o
 .bss.pxOverflowTimerList
                0x0000000020000340        0x4 ./common/ThirdParty/FreeRTOS/timers.o
 .bss.xTimerQueue
                0x0000000020000344        0x4 ./common/ThirdParty/FreeRTOS/timers.o
 .bss.xTimerTaskHandle
                0x0000000020000348        0x4 ./common/ThirdParty/FreeRTOS/timers.o
 .bss.xLastTime.0
                0x000000002000034c        0x4 ./common/ThirdParty/FreeRTOS/timers.o
 .bss.ucMaxSysCallPriority
                0x0000000020000350        0x1 ./common/ThirdParty/FreeRTOS/portable/GCC/ARM_CM4F/port.o
 *fill*         0x0000000020000351        0x3 
 .bss.ulMaxPRIGROUPValue
                0x0000000020000354        0x4 ./common/ThirdParty/FreeRTOS/portable/GCC/ARM_CM4F/port.o
 .bss.ucHeap    0x0000000020000358    0x12c00 ./common/ThirdParty/FreeRTOS/portable/MemMang/heap_4.o
 .bss.xStart    0x0000000020012f58        0x8 ./common/ThirdParty/FreeRTOS/portable/MemMang/heap_4.o
 .bss.pxEnd     0x0000000020012f60        0x4 ./common/ThirdParty/FreeRTOS/portable/MemMang/heap_4.o
 .bss.xFreeBytesRemaining
                0x0000000020012f64        0x4 ./common/ThirdParty/FreeRTOS/portable/MemMang/heap_4.o
 .bss.xMinimumEverFreeBytesRemaining
                0x0000000020012f68        0x4 ./common/ThirdParty/FreeRTOS/portable/MemMang/heap_4.o
 .bss.xNumberOfSuccessfulAllocations
                0x0000000020012f6c        0x4 ./common/ThirdParty/FreeRTOS/portable/MemMang/heap_4.o
 .bss.xNumberOfSuccessfulFrees
                0x0000000020012f70        0x4 ./common/ThirdParty/FreeRTOS/portable/MemMang/heap_4.o
 *(COMMON)
                0x0000000020012f74                . = ALIGN (0x4)
                0x0000000020012f74                _ebss = .
                0x0000000020012f74                __bss_end__ = _ebss

._user_heap_stack
                0x0000000020012f74      0x604
                0x0000000020012f78                . = ALIGN (0x8)
 *fill*         0x0000000020012f74        0x4 
                [!provide]                        PROVIDE (end = .)
                0x0000000020012f78                PROVIDE (_end = .)
                0x0000000020013178                . = (. + _Min_Heap_Size)
 *fill*         0x0000000020012f78      0x200 
                0x0000000020013578                . = (. + _Min_Stack_Size)
 *fill*         0x0000000020013178      0x400 
                0x0000000020013578                . = ALIGN (0x8)

/DISCARD/
 libc.a(*)
 libm.a(*)
 libgcc.a(*)

.ARM.attributes
                0x0000000000000000       0x30
 *(.ARM.attributes)
 .ARM.attributes
                0x0000000000000000       0x1e C:/ST/STM32CubeIDE_1.12.1/STM32CubeIDE/plugins/com.st.stm32cube.ide.mcu.externaltools.gnu-tools-for-stm32.11.3.rel1.win32_1.1.0.202305231506/tools/bin/../lib/gcc/arm-none-eabi/11.3.1/thumb/v7e-m+fp/hard/crti.o
 .ARM.attributes
                0x000000000000001e       0x34 C:/ST/STM32CubeIDE_1.12.1/STM32CubeIDE/plugins/com.st.stm32cube.ide.mcu.externaltools.gnu-tools-for-stm32.11.3.rel1.win32_1.1.0.202305231506/tools/bin/../lib/gcc/arm-none-eabi/11.3.1/thumb/v7e-m+fp/hard/crtbegin.o
 .ARM.attributes
                0x0000000000000052       0x34 ./Core/Src/ADIS16475.o
 .ARM.attributes
                0x0000000000000086       0x34 ./Core/Src/comms_tasks.o
 .ARM.attributes
                0x00000000000000ba       0x34 ./Core/Src/error_monitor_task.o
 .ARM.attributes
                0x00000000000000ee       0x34 ./Core/Src/it.o
 .ARM.attributes
                0x0000000000000122       0x34 ./Core/Src/main.o
 .ARM.attributes
                0x0000000000000156       0x34 ./Core/Src/msp.o
 .ARM.attributes
                0x000000000000018a       0x34 ./Core/Src/sensor_task.o
 .ARM.attributes
                0x00000000000001be       0x34 ./Core/Src/system_stm32f4xx.o
 .ARM.attributes
                0x00000000000001f2       0x34 ./Core/Src/telemetry_packet.o
 .ARM.attributes
                0x0000000000000226       0x34 ./Core/Src/temp_task.o
 .ARM.attributes
                0x000000000000025a       0x34 ./Core/Src/timebase_tim.o
 .ARM.attributes
                0x000000000000028e       0x21 ./Core/Startup/startup_stm32f407vgtx.o
 .ARM.attributes
                0x00000000000002af       0x34 ./Drivers/STM32F4xx_HAL_Driver/Src/stm32f4xx_hal.o
 .ARM.attributes
                0x00000000000002e3       0x34 ./Drivers/STM32F4xx_HAL_Driver/Src/stm32f4xx_hal_adc.o
 .ARM.attributes
                0x0000000000000317       0x34 ./Drivers/STM32F4xx_HAL_Driver/Src/stm32f4xx_hal_can.o
 .ARM.attributes
                0x000000000000034b       0x34 ./Drivers/STM32F4xx_HAL_Driver/Src/stm32f4xx_hal_cortex.o
 .ARM.attributes
                0x000000000000037f       0x34 ./Drivers/STM32F4xx_HAL_Driver/Src/stm32f4xx_hal_gpio.o
 .ARM.attributes
                0x00000000000003b3       0x34 ./Drivers/STM32F4xx_HAL_Driver/Src/stm32f4xx_hal_rcc.o
 .ARM.attributes
                0x00000000000003e7       0x34 ./Drivers/STM32F4xx_HAL_Driver/Src/stm32f4xx_hal_spi.o
 .ARM.attributes
                0x000000000000041b       0x34 ./Drivers/STM32F4xx_HAL_Driver/Src/stm32f4xx_hal_tim.o
 .ARM.attributes
                0x000000000000044f       0x34 ./Drivers/STM32F4xx_HAL_Driver/Src/stm32f4xx_hal_tim_ex.o
 .ARM.attributes
                0x0000000000000483       0x34 ./Drivers/STM32F4xx_HAL_Driver/Src/stm32f4xx_hal_uart.o
 .ARM.attributes
                0x00000000000004b7       0x34 ./common/ThirdParty/FreeRTOS/list.o
 .ARM.attributes
                0x00000000000004eb       0x34 ./common/ThirdParty/FreeRTOS/queue.o
 .ARM.attributes
                0x000000000000051f       0x34 ./common/ThirdParty/FreeRTOS/tasks.o
 .ARM.attributes
                0x0000000000000553       0x34 ./common/ThirdParty/FreeRTOS/timers.o
 .ARM.attributes
                0x0000000000000587       0x34 ./common/ThirdParty/FreeRTOS/portable/GCC/ARM_CM4F/port.o
 .ARM.attributes
                0x00000000000005bb       0x34 ./common/ThirdParty/FreeRTOS/portable/MemMang/heap_4.o
 .ARM.attributes
                0x00000000000005ef       0x34 C:/ST/STM32CubeIDE_1.12.1/STM32CubeIDE/plugins/com.st.stm32cube.ide.mcu.externaltools.gnu-tools-for-stm32.11.3.rel1.win32_1.1.0.202305231506/tools/bin/../lib/gcc/arm-none-eabi/11.3.1/../../../../arm-none-eabi/lib/thumb/v7e-m+fp/hard\libc_nano.a(libc_a-memset.o)
 .ARM.attributes
                0x0000000000000623       0x34 C:/ST/STM32CubeIDE_1.12.1/STM32CubeIDE/plugins/com.st.stm32cube.ide.mcu.externaltools.gnu-tools-for-stm32.11.3.rel1.win32_1.1.0.202305231506/tools/bin/../lib/gcc/arm-none-eabi/11.3.1/../../../../arm-none-eabi/lib/thumb/v7e-m+fp/hard\libc_nano.a(libc_a-init.o)
 .ARM.attributes
                0x0000000000000657       0x34 C:/ST/STM32CubeIDE_1.12.1/STM32CubeIDE/plugins/com.st.stm32cube.ide.mcu.externaltools.gnu-tools-for-stm32.11.3.rel1.win32_1.1.0.202305231506/tools/bin/../lib/gcc/arm-none-eabi/11.3.1/../../../../arm-none-eabi/lib/thumb/v7e-m+fp/hard\libc_nano.a(libc_a-memcpy-stub.o)
 .ARM.attributes
                0x000000000000068b       0x1e C:/ST/STM32CubeIDE_1.12.1/STM32CubeIDE/plugins/com.st.stm32cube.ide.mcu.externaltools.gnu-tools-for-stm32.11.3.rel1.win32_1.1.0.202305231506/tools/bin/../lib/gcc/arm-none-eabi/11.3.1/thumb/v7e-m+fp/hard\libgcc.a(_aeabi_uldivmod.o)
 .ARM.attributes
                0x00000000000006a9       0x34 C:/ST/STM32CubeIDE_1.12.1/STM32CubeIDE/plugins/com.st.stm32cube.ide.mcu.externaltools.gnu-tools-for-stm32.11.3.rel1.win32_1.1.0.202305231506/tools/bin/../lib/gcc/arm-none-eabi/11.3.1/thumb/v7e-m+fp/hard\libgcc.a(_udivmoddi4.o)
 .ARM.attributes
                0x00000000000006dd       0x1e C:/ST/STM32CubeIDE_1.12.1/STM32CubeIDE/plugins/com.st.stm32cube.ide.mcu.externaltools.gnu-tools-for-stm32.11.3.rel1.win32_1.1.0.202305231506/tools/bin/../lib/gcc/arm-none-eabi/11.3.1/thumb/v7e-m+fp/hard\libgcc.a(_dvmd_tls.o)
 .ARM.attributes
                0x00000000000006fb       0x1e C:/ST/STM32CubeIDE_1.12.1/STM32CubeIDE/plugins/com.st.stm32cube.ide.mcu.externaltools.gnu-tools-for-stm32.11.3.rel1.win32_1.1.0.202305231506/tools/bin/../lib/gcc/arm-none-eabi/11.3.1/thumb/v7e-m+fp/hard/crtn.o
OUTPUT(SARGE_IMU_CAN_UART_Framework.elf elf32-littlearm)
LOAD linker stubs
LOAD C:/ST/STM32CubeIDE_1.12.1/STM32CubeIDE/plugins/com.st.stm32cube.ide.mcu.externaltools.gnu-tools-for-stm32.11.3.rel1.win32_1.1.0.202305231506/tools/bin/../lib/gcc/arm-none-eabi/11.3.1/../../../../arm-none-eabi/lib/thumb/v7e-m+fp/hard\libc.a
LOAD C:/ST/STM32CubeIDE_1.12.1/STM32CubeIDE/plugins/com.st.stm32cube.ide.mcu.externaltools.gnu-tools-for-stm32.11.3.rel1.win32_1.1.0.202305231506/tools/bin/../lib/gcc/arm-none-eabi/11.3.1/../../../../arm-none-eabi/lib/thumb/v7e-m+fp/hard\libm.a
LOAD C:/ST/STM32CubeIDE_1.12.1/STM32CubeIDE/plugins/com.st.stm32cube.ide.mcu.externaltools.gnu-tools-for-stm32.11.3.rel1.win32_1.1.0.202305231506/tools/bin/../lib/gcc/arm-none-eabi/11.3.1/thumb/v7e-m+fp/hard\libgcc.a

.comment        0x0000000000000000       0x43
 .comment       0x0000000000000000       0x43 C:/ST/STM32CubeIDE_1.12.1/STM32CubeIDE/plugins/com.st.stm32cube.ide.mcu.externaltools.gnu-tools-for-stm32.11.3.rel1.win32_1.1.0.202305231506/tools/bin/../lib/gcc/arm-none-eabi/11.3.1/thumb/v7e-m+fp/hard/crtbegin.o
                                         0x44 (size before relaxing)
 .comment       0x0000000000000043       0x44 ./Core/Src/ADIS16475.o
 .comment       0x0000000000000043       0x44 ./Core/Src/comms_tasks.o
 .comment       0x0000000000000043       0x44 ./Core/Src/error_monitor_task.o
 .comment       0x0000000000000043       0x44 ./Core/Src/it.o
 .comment       0x0000000000000043       0x44 ./Core/Src/main.o
 .comment       0x0000000000000043       0x44 ./Core/Src/msp.o
 .comment       0x0000000000000043       0x44 ./Core/Src/sensor_task.o
 .comment       0x0000000000000043       0x44 ./Core/Src/system_stm32f4xx.o
 .comment       0x0000000000000043       0x44 ./Core/Src/telemetry_packet.o
 .comment       0x0000000000000043       0x44 ./Core/Src/temp_task.o
 .comment       0x0000000000000043       0x44 ./Core/Src/timebase_tim.o
 .comment       0x0000000000000043       0x44 ./Drivers/STM32F4xx_HAL_Driver/Src/stm32f4xx_hal.o
 .comment       0x0000000000000043       0x44 ./Drivers/STM32F4xx_HAL_Driver/Src/stm32f4xx_hal_adc.o
 .comment       0x0000000000000043       0x44 ./Drivers/STM32F4xx_HAL_Driver/Src/stm32f4xx_hal_can.o
 .comment       0x0000000000000043       0x44 ./Drivers/STM32F4xx_HAL_Driver/Src/stm32f4xx_hal_cortex.o
 .comment       0x0000000000000043       0x44 ./Drivers/STM32F4xx_HAL_Driver/Src/stm32f4xx_hal_gpio.o
 .comment       0x0000000000000043       0x44 ./Drivers/STM32F4xx_HAL_Driver/Src/stm32f4xx_hal_rcc.o
 .comment       0x0000000000000043       0x44 ./Drivers/STM32F4xx_HAL_Driver/Src/stm32f4xx_hal_spi.o
 .comment       0x0000000000000043       0x44 ./Drivers/STM32F4xx_HAL_Driver/Src/stm32f4xx_hal_tim.o
 .comment       0x0000000000000043       0x44 ./Drivers/STM32F4xx_HAL_Driver/Src/stm32f4xx_hal_tim_ex.o
 .comment       0x0000000000000043       0x44 ./Drivers/STM32F4xx_HAL_Driver/Src/stm32f4xx_hal_uart.o
 .comment       0x0000000000000043       0x44 ./common/ThirdParty/FreeRTOS/list.o
 .comment       0x0000000000000043       0x44 ./common/ThirdParty/FreeRTOS/queue.o
 .comment       0x0000000000000043       0x44 ./common/ThirdParty/FreeRTOS/tasks.o
 .comment       0x0000000000000043       0x44 ./common/ThirdParty/FreeRTOS/timers.o
 .comment       0x0000000000000043       0x44 ./common/ThirdParty/FreeRTOS/portable/GCC/ARM_CM4F/port.o
 .comment       0x0000000000000043       0x44 ./common/ThirdParty/FreeRTOS/portable/MemMang/heap_4.o

.debug_info     0x0000000000000000    0x1871a
 .debug_info    0x0000000000000000      0x8c7 ./Core/Src/ADIS16475.o
 .debug_info    0x00000000000008c7      0xd41 ./Core/Src/comms_tasks.o
 .debug_info    0x0000000000001608      0x240 ./Core/Src/error_monitor_task.o
 .debug_info    0x0000000000001848      0x659 ./Core/Src/it.o
 .debug_info    0x0000000000001ea1     0x1b12 ./Core/Src/main.o
 .debug_info    0x00000000000039b3     0x124c ./Core/Src/msp.o
 .debug_info    0x0000000000004bff      0x33a ./Core/Src/sensor_task.o
 .debug_info    0x0000000000004f39      0x512 ./Core/Src/system_stm32f4xx.o
 .debug_info    0x000000000000544b      0x172 ./Core/Src/telemetry_packet.o
 .debug_info    0x00000000000055bd      0x824 ./Core/Src/temp_task.o
 .debug_info    0x0000000000005de1      0xaff ./Core/Src/timebase_tim.o
 .debug_info    0x00000000000068e0       0x23 ./Core/Startup/startup_stm32f407vgtx.o
 .debug_info    0x0000000000006903      0x948 ./Drivers/STM32F4xx_HAL_Driver/Src/stm32f4xx_hal.o
 .debug_info    0x000000000000724b      0xcd4 ./Drivers/STM32F4xx_HAL_Driver/Src/stm32f4xx_hal_adc.o
 .debug_info    0x0000000000007f1f      0xf03 ./Drivers/STM32F4xx_HAL_Driver/Src/stm32f4xx_hal_can.o
 .debug_info    0x0000000000008e22      0xd46 ./Drivers/STM32F4xx_HAL_Driver/Src/stm32f4xx_hal_cortex.o
 .debug_info    0x0000000000009b68      0x6c3 ./Drivers/STM32F4xx_HAL_Driver/Src/stm32f4xx_hal_gpio.o
 .debug_info    0x000000000000a22b      0x8b1 ./Drivers/STM32F4xx_HAL_Driver/Src/stm32f4xx_hal_rcc.o
 .debug_info    0x000000000000aadc     0x15fb ./Drivers/STM32F4xx_HAL_Driver/Src/stm32f4xx_hal_spi.o
 .debug_info    0x000000000000c0d7     0x2948 ./Drivers/STM32F4xx_HAL_Driver/Src/stm32f4xx_hal_tim.o
 .debug_info    0x000000000000ea1f     0x14ae ./Drivers/STM32F4xx_HAL_Driver/Src/stm32f4xx_hal_tim_ex.o
 .debug_info    0x000000000000fecd     0x2fb8 ./Drivers/STM32F4xx_HAL_Driver/Src/stm32f4xx_hal_uart.o
 .debug_info    0x0000000000012e85      0x2af ./common/ThirdParty/FreeRTOS/list.o
 .debug_info    0x0000000000013134     0x184f ./common/ThirdParty/FreeRTOS/queue.o
 .debug_info    0x0000000000014983     0x2573 ./common/ThirdParty/FreeRTOS/tasks.o
 .debug_info    0x0000000000016ef6      0xe20 ./common/ThirdParty/FreeRTOS/timers.o
 .debug_info    0x0000000000017d16      0x4e1 ./common/ThirdParty/FreeRTOS/portable/GCC/ARM_CM4F/port.o
 .debug_info    0x00000000000181f7      0x523 ./common/ThirdParty/FreeRTOS/portable/MemMang/heap_4.o

.debug_abbrev   0x0000000000000000     0x3a87
 .debug_abbrev  0x0000000000000000      0x220 ./Core/Src/ADIS16475.o
 .debug_abbrev  0x0000000000000220      0x247 ./Core/Src/comms_tasks.o
 .debug_abbrev  0x0000000000000467       0xf7 ./Core/Src/error_monitor_task.o
 .debug_abbrev  0x000000000000055e      0x162 ./Core/Src/it.o
 .debug_abbrev  0x00000000000006c0      0x349 ./Core/Src/main.o
 .debug_abbrev  0x0000000000000a09      0x1f6 ./Core/Src/msp.o
 .debug_abbrev  0x0000000000000bff      0x152 ./Core/Src/sensor_task.o
 .debug_abbrev  0x0000000000000d51      0x11a ./Core/Src/system_stm32f4xx.o
 .debug_abbrev  0x0000000000000e6b       0xcb ./Core/Src/telemetry_packet.o
 .debug_abbrev  0x0000000000000f36      0x19a ./Core/Src/temp_task.o
 .debug_abbrev  0x00000000000010d0      0x1c6 ./Core/Src/timebase_tim.o
 .debug_abbrev  0x0000000000001296       0x12 ./Core/Startup/startup_stm32f407vgtx.o
 .debug_abbrev  0x00000000000012a8      0x213 ./Drivers/STM32F4xx_HAL_Driver/Src/stm32f4xx_hal.o
 .debug_abbrev  0x00000000000014bb      0x252 ./Drivers/STM32F4xx_HAL_Driver/Src/stm32f4xx_hal_adc.o
 .debug_abbrev  0x000000000000170d      0x239 ./Drivers/STM32F4xx_HAL_Driver/Src/stm32f4xx_hal_can.o
 .debug_abbrev  0x0000000000001946      0x327 ./Drivers/STM32F4xx_HAL_Driver/Src/stm32f4xx_hal_cortex.o
 .debug_abbrev  0x0000000000001c6d      0x1d4 ./Drivers/STM32F4xx_HAL_Driver/Src/stm32f4xx_hal_gpio.o
 .debug_abbrev  0x0000000000001e41      0x2b6 ./Drivers/STM32F4xx_HAL_Driver/Src/stm32f4xx_hal_rcc.o
 .debug_abbrev  0x00000000000020f7      0x284 ./Drivers/STM32F4xx_HAL_Driver/Src/stm32f4xx_hal_spi.o
 .debug_abbrev  0x000000000000237b      0x271 ./Drivers/STM32F4xx_HAL_Driver/Src/stm32f4xx_hal_tim.o
 .debug_abbrev  0x00000000000025ec      0x27c ./Drivers/STM32F4xx_HAL_Driver/Src/stm32f4xx_hal_tim_ex.o
 .debug_abbrev  0x0000000000002868      0x30e ./Drivers/STM32F4xx_HAL_Driver/Src/stm32f4xx_hal_uart.o
 .debug_abbrev  0x0000000000002b76       0xf5 ./common/ThirdParty/FreeRTOS/list.o
 .debug_abbrev  0x0000000000002c6b      0x323 ./common/ThirdParty/FreeRTOS/queue.o
 .debug_abbrev  0x0000000000002f8e      0x37e ./common/ThirdParty/FreeRTOS/tasks.o
 .debug_abbrev  0x000000000000330c      0x2cb ./common/ThirdParty/FreeRTOS/timers.o
 .debug_abbrev  0x00000000000035d7      0x25a ./common/ThirdParty/FreeRTOS/portable/GCC/ARM_CM4F/port.o
 .debug_abbrev  0x0000000000003831      0x256 ./common/ThirdParty/FreeRTOS/portable/MemMang/heap_4.o

.debug_aranges  0x0000000000000000     0x1578
 .debug_aranges
                0x0000000000000000       0x40 ./Core/Src/ADIS16475.o
 .debug_aranges
                0x0000000000000040       0x30 ./Core/Src/comms_tasks.o
 .debug_aranges
                0x0000000000000070       0x20 ./Core/Src/error_monitor_task.o
 .debug_aranges
                0x0000000000000090       0x20 ./Core/Src/it.o
 .debug_aranges
                0x00000000000000b0       0x60 ./Core/Src/main.o
 .debug_aranges
                0x0000000000000110       0x40 ./Core/Src/msp.o
 .debug_aranges
                0x0000000000000150       0x20 ./Core/Src/sensor_task.o
 .debug_aranges
                0x0000000000000170       0x28 ./Core/Src/system_stm32f4xx.o
 .debug_aranges
                0x0000000000000198       0x20 ./Core/Src/telemetry_packet.o
 .debug_aranges
                0x00000000000001b8       0x20 ./Core/Src/temp_task.o
 .debug_aranges
                0x00000000000001d8       0x20 ./Core/Src/timebase_tim.o
 .debug_aranges
                0x00000000000001f8       0x28 ./Core/Startup/startup_stm32f407vgtx.o
 .debug_aranges
                0x0000000000000220       0xf0 ./Drivers/STM32F4xx_HAL_Driver/Src/stm32f4xx_hal.o
 .debug_aranges
                0x0000000000000310       0xe8 ./Drivers/STM32F4xx_HAL_Driver/Src/stm32f4xx_hal_adc.o
 .debug_aranges
                0x00000000000003f8      0x138 ./Drivers/STM32F4xx_HAL_Driver/Src/stm32f4xx_hal_can.o
 .debug_aranges
                0x0000000000000530      0x118 ./Drivers/STM32F4xx_HAL_Driver/Src/stm32f4xx_hal_cortex.o
 .debug_aranges
                0x0000000000000648       0x58 ./Drivers/STM32F4xx_HAL_Driver/Src/stm32f4xx_hal_gpio.o
 .debug_aranges
                0x00000000000006a0       0x88 ./Drivers/STM32F4xx_HAL_Driver/Src/stm32f4xx_hal_rcc.o
 .debug_aranges
                0x0000000000000728      0x1d0 ./Drivers/STM32F4xx_HAL_Driver/Src/stm32f4xx_hal_spi.o
 .debug_aranges
                0x00000000000008f8      0x3d0 ./Drivers/STM32F4xx_HAL_Driver/Src/stm32f4xx_hal_tim.o
 .debug_aranges
                0x0000000000000cc8      0x168 ./Drivers/STM32F4xx_HAL_Driver/Src/stm32f4xx_hal_tim_ex.o
 .debug_aranges
                0x0000000000000e30      0x200 ./Drivers/STM32F4xx_HAL_Driver/Src/stm32f4xx_hal_uart.o
 .debug_aranges
                0x0000000000001030       0x40 ./common/ThirdParty/FreeRTOS/list.o
 .debug_aranges
                0x0000000000001070      0x130 ./common/ThirdParty/FreeRTOS/queue.o
 .debug_aranges
                0x00000000000011a0      0x210 ./common/ThirdParty/FreeRTOS/tasks.o
 .debug_aranges
                0x00000000000013b0       0xe8 ./common/ThirdParty/FreeRTOS/timers.o
 .debug_aranges
                0x0000000000001498       0x80 ./common/ThirdParty/FreeRTOS/portable/GCC/ARM_CM4F/port.o
 .debug_aranges
                0x0000000000001518       0x60 ./common/ThirdParty/FreeRTOS/portable/MemMang/heap_4.o

.debug_rnglists
                0x0000000000000000     0x10a8
 .debug_rnglists
                0x0000000000000000       0x2e ./Core/Src/ADIS16475.o
 .debug_rnglists
                0x000000000000002e       0x20 ./Core/Src/comms_tasks.o
 .debug_rnglists
                0x000000000000004e       0x14 ./Core/Src/error_monitor_task.o
 .debug_rnglists
                0x0000000000000062       0x13 ./Core/Src/it.o
 .debug_rnglists
                0x0000000000000075       0x46 ./Core/Src/main.o
 .debug_rnglists
                0x00000000000000bb       0x2e ./Core/Src/msp.o
 .debug_rnglists
                0x00000000000000e9       0x14 ./Core/Src/sensor_task.o
 .debug_rnglists
                0x00000000000000fd       0x1a ./Core/Src/system_stm32f4xx.o
 .debug_rnglists
                0x0000000000000117       0x14 ./Core/Src/telemetry_packet.o
 .debug_rnglists
                0x000000000000012b       0x14 ./Core/Src/temp_task.o
 .debug_rnglists
                0x000000000000013f       0x14 ./Core/Src/timebase_tim.o
 .debug_rnglists
                0x0000000000000153       0x19 ./Core/Startup/startup_stm32f407vgtx.o
 .debug_rnglists
                0x000000000000016c       0xaf ./Drivers/STM32F4xx_HAL_Driver/Src/stm32f4xx_hal.o
 .debug_rnglists
                0x000000000000021b       0xb5 ./Drivers/STM32F4xx_HAL_Driver/Src/stm32f4xx_hal_adc.o
 .debug_rnglists
                0x00000000000002d0       0xee ./Drivers/STM32F4xx_HAL_Driver/Src/stm32f4xx_hal_can.o
 .debug_rnglists
                0x00000000000003be       0xce ./Drivers/STM32F4xx_HAL_Driver/Src/stm32f4xx_hal_cortex.o
 .debug_rnglists
                0x000000000000048c       0x3f ./Drivers/STM32F4xx_HAL_Driver/Src/stm32f4xx_hal_gpio.o
 .debug_rnglists
                0x00000000000004cb       0x66 ./Drivers/STM32F4xx_HAL_Driver/Src/stm32f4xx_hal_rcc.o
 .debug_rnglists
                0x0000000000000531      0x16f ./Drivers/STM32F4xx_HAL_Driver/Src/stm32f4xx_hal_spi.o
 .debug_rnglists
                0x00000000000006a0      0x31a ./Drivers/STM32F4xx_HAL_Driver/Src/stm32f4xx_hal_tim.o
 .debug_rnglists
                0x00000000000009ba      0x125 ./Drivers/STM32F4xx_HAL_Driver/Src/stm32f4xx_hal_tim_ex.o
 .debug_rnglists
                0x0000000000000adf      0x1b7 ./Drivers/STM32F4xx_HAL_Driver/Src/stm32f4xx_hal_uart.o
 .debug_rnglists
                0x0000000000000c96       0x2b ./common/ThirdParty/FreeRTOS/list.o
 .debug_rnglists
                0x0000000000000cc1       0xec ./common/ThirdParty/FreeRTOS/queue.o
 .debug_rnglists
                0x0000000000000dad      0x1a9 ./common/ThirdParty/FreeRTOS/tasks.o
 .debug_rnglists
                0x0000000000000f56       0xad ./common/ThirdParty/FreeRTOS/timers.o
 .debug_rnglists
                0x0000000000001003       0x5d ./common/ThirdParty/FreeRTOS/portable/GCC/ARM_CM4F/port.o
 .debug_rnglists
                0x0000000000001060       0x48 ./common/ThirdParty/FreeRTOS/portable/MemMang/heap_4.o

.debug_macro    0x0000000000000000    0x26145
 .debug_macro   0x0000000000000000      0x3e1 ./Core/Src/ADIS16475.o
 .debug_macro   0x00000000000003e1      0xaa8 ./Core/Src/ADIS16475.o
 .debug_macro   0x0000000000000e89      0x2ad ./Core/Src/ADIS16475.o
 .debug_macro   0x0000000000001136       0x2e ./Core/Src/ADIS16475.o
 .debug_macro   0x0000000000001164       0x2f ./Core/Src/ADIS16475.o
 .debug_macro   0x0000000000001193       0x22 ./Core/Src/ADIS16475.o
 .debug_macro   0x00000000000011b5       0x8e ./Core/Src/ADIS16475.o
 .debug_macro   0x0000000000001243       0x51 ./Core/Src/ADIS16475.o
 .debug_macro   0x0000000000001294      0x103 ./Core/Src/ADIS16475.o
 .debug_macro   0x0000000000001397       0x6a ./Core/Src/ADIS16475.o
 .debug_macro   0x0000000000001401      0x1df ./Core/Src/ADIS16475.o
 .debug_macro   0x00000000000015e0       0x1c ./Core/Src/ADIS16475.o
 .debug_macro   0x00000000000015fc       0x22 ./Core/Src/ADIS16475.o
 .debug_macro   0x000000000000161e       0xd9 ./Core/Src/ADIS16475.o
 .debug_macro   0x00000000000016f7     0x102d ./Core/Src/ADIS16475.o
 .debug_macro   0x0000000000002724      0x11f ./Core/Src/ADIS16475.o
 .debug_macro   0x0000000000002843    0x15e82 ./Core/Src/ADIS16475.o
 .debug_macro   0x00000000000186c5       0x6d ./Core/Src/ADIS16475.o
 .debug_macro   0x0000000000018732     0x367e ./Core/Src/ADIS16475.o
 .debug_macro   0x000000000001bdb0      0x174 ./Core/Src/ADIS16475.o
 .debug_macro   0x000000000001bf24       0x5c ./Core/Src/ADIS16475.o
 .debug_macro   0x000000000001bf80      0x96b ./Core/Src/ADIS16475.o
 .debug_macro   0x000000000001c8eb      0x9fe ./Core/Src/ADIS16475.o
 .debug_macro   0x000000000001d2e9      0x115 ./Core/Src/ADIS16475.o
 .debug_macro   0x000000000001d3fe      0x13e ./Core/Src/ADIS16475.o
 .debug_macro   0x000000000001d53c       0xa5 ./Core/Src/ADIS16475.o
 .debug_macro   0x000000000001d5e1      0x174 ./Core/Src/ADIS16475.o
 .debug_macro   0x000000000001d755      0x287 ./Core/Src/ADIS16475.o
 .debug_macro   0x000000000001d9dc       0x5f ./Core/Src/ADIS16475.o
 .debug_macro   0x000000000001da3b      0x236 ./Core/Src/ADIS16475.o
 .debug_macro   0x000000000001dc71      0xb5b ./Core/Src/ADIS16475.o
 .debug_macro   0x000000000001e7cc      0x38b ./Core/Src/ADIS16475.o
 .debug_macro   0x000000000001eb57      0x176 ./Core/Src/ADIS16475.o
 .debug_macro   0x000000000001eccd       0xf9 ./Core/Src/ADIS16475.o
 .debug_macro   0x000000000001edc6      0x40f ./Core/Src/ADIS16475.o
 .debug_macro   0x000000000001f1d5      0x12c ./Core/Src/ADIS16475.o
 .debug_macro   0x000000000001f301      0x21e ./Core/Src/ADIS16475.o
 .debug_macro   0x000000000001f51f       0x2e ./Core/Src/ADIS16475.o
 .debug_macro   0x000000000001f54d      0x11a ./Core/Src/ADIS16475.o
 .debug_macro   0x000000000001f667       0x7e ./Core/Src/ADIS16475.o
 .debug_macro   0x000000000001f6e5       0x89 ./Core/Src/ADIS16475.o
 .debug_macro   0x000000000001f76e      0x225 ./Core/Src/ADIS16475.o
 .debug_macro   0x000000000001f993      0x8e6 ./Core/Src/ADIS16475.o
 .debug_macro   0x0000000000020279       0x47 ./Core/Src/ADIS16475.o
 .debug_macro   0x00000000000202c0      0x295 ./Core/Src/ADIS16475.o
 .debug_macro   0x0000000000020555      0x12d ./Core/Src/ADIS16475.o
 .debug_macro   0x0000000000020682       0x61 ./Core/Src/ADIS16475.o
 .debug_macro   0x00000000000206e3       0x2a ./Core/Src/ADIS16475.o
 .debug_macro   0x000000000002070d       0x43 ./Core/Src/ADIS16475.o
 .debug_macro   0x0000000000020750       0x34 ./Core/Src/ADIS16475.o
 .debug_macro   0x0000000000020784       0x16 ./Core/Src/ADIS16475.o
 .debug_macro   0x000000000002079a       0x43 ./Core/Src/ADIS16475.o
 .debug_macro   0x00000000000207dd       0x34 ./Core/Src/ADIS16475.o
 .debug_macro   0x0000000000020811       0x10 ./Core/Src/ADIS16475.o
 .debug_macro   0x0000000000020821       0x58 ./Core/Src/ADIS16475.o
 .debug_macro   0x0000000000020879       0x8e ./Core/Src/ADIS16475.o
 .debug_macro   0x0000000000020907       0x1c ./Core/Src/ADIS16475.o
 .debug_macro   0x0000000000020923      0x177 ./Core/Src/ADIS16475.o
 .debug_macro   0x0000000000020a9a      0x369 ./Core/Src/ADIS16475.o
 .debug_macro   0x0000000000020e03       0x10 ./Core/Src/ADIS16475.o
 .debug_macro   0x0000000000020e13       0x35 ./Core/Src/ADIS16475.o
 .debug_macro   0x0000000000020e48       0x20 ./Core/Src/ADIS16475.o
 .debug_macro   0x0000000000020e68       0x1c ./Core/Src/ADIS16475.o
 .debug_macro   0x0000000000020e84       0x10 ./Core/Src/ADIS16475.o
 .debug_macro   0x0000000000020e94       0x1c ./Core/Src/ADIS16475.o
 .debug_macro   0x0000000000020eb0       0x16 ./Core/Src/ADIS16475.o
 .debug_macro   0x0000000000020ec6      0x147 ./Core/Src/ADIS16475.o
 .debug_macro   0x000000000002100d      0x112 ./Core/Src/ADIS16475.o
 .debug_macro   0x000000000002111f      0x15a ./Core/Src/ADIS16475.o
 .debug_macro   0x0000000000021279       0xea ./Core/Src/ADIS16475.o
 .debug_macro   0x0000000000021363       0x28 ./Core/Src/ADIS16475.o
 .debug_macro   0x000000000002138b       0x1f ./Core/Src/ADIS16475.o
 .debug_macro   0x00000000000213aa       0x12 ./Core/Src/ADIS16475.o
 .debug_macro   0x00000000000213bc      0x51f ./Core/Src/ADIS16475.o
 .debug_macro   0x00000000000218db       0xc3 ./Core/Src/ADIS16475.o
 .debug_macro   0x000000000002199e      0x120 ./Core/Src/ADIS16475.o
 .debug_macro   0x0000000000021abe       0x80 ./Core/Src/ADIS16475.o
 .debug_macro   0x0000000000021b3e       0x97 ./Core/Src/ADIS16475.o
 .debug_macro   0x0000000000021bd5       0x77 ./Core/Src/ADIS16475.o
 .debug_macro   0x0000000000021c4c       0x16 ./Core/Src/ADIS16475.o
 .debug_macro   0x0000000000021c62       0x40 ./Core/Src/ADIS16475.o
 .debug_macro   0x0000000000021ca2       0x58 ./Core/Src/ADIS16475.o
 .debug_macro   0x0000000000021cfa      0x3d3 ./Core/Src/comms_tasks.o
 .debug_macro   0x00000000000220cd       0x5e ./Core/Src/comms_tasks.o
 .debug_macro   0x000000000002212b      0x3d3 ./Core/Src/error_monitor_task.o
 .debug_macro   0x00000000000224fe      0x3dd ./Core/Src/it.o
 .debug_macro   0x00000000000228db      0x3d3 ./Core/Src/main.o
 .debug_macro   0x0000000000022cae      0x3d3 ./Core/Src/msp.o
 .debug_macro   0x0000000000023081      0x3db ./Core/Src/sensor_task.o
 .debug_macro   0x000000000002345c      0x20a ./Core/Src/system_stm32f4xx.o
 .debug_macro   0x0000000000023666      0x3e1 ./Core/Src/telemetry_packet.o
 .debug_macro   0x0000000000023a47      0x3d3 ./Core/Src/temp_task.o
 .debug_macro   0x0000000000023e1a      0x20a ./Core/Src/timebase_tim.o
 .debug_macro   0x0000000000024024      0x26a ./Drivers/STM32F4xx_HAL_Driver/Src/stm32f4xx_hal.o
 .debug_macro   0x000000000002428e      0x20b ./Drivers/STM32F4xx_HAL_Driver/Src/stm32f4xx_hal_adc.o
 .debug_macro   0x0000000000024499      0x212 ./Drivers/STM32F4xx_HAL_Driver/Src/stm32f4xx_hal_can.o
 .debug_macro   0x00000000000246ab      0x20a ./Drivers/STM32F4xx_HAL_Driver/Src/stm32f4xx_hal_cortex.o
 .debug_macro   0x00000000000248b5      0x210 ./Drivers/STM32F4xx_HAL_Driver/Src/stm32f4xx_hal_gpio.o
 .debug_macro   0x0000000000024ac5      0x22e ./Drivers/STM32F4xx_HAL_Driver/Src/stm32f4xx_hal_rcc.o
 .debug_macro   0x0000000000024cf3      0x219 ./Drivers/STM32F4xx_HAL_Driver/Src/stm32f4xx_hal_spi.o
 .debug_macro   0x0000000000024f0c      0x20b ./Drivers/STM32F4xx_HAL_Driver/Src/stm32f4xx_hal_tim.o
 .debug_macro   0x0000000000025117      0x20a ./Drivers/STM32F4xx_HAL_Driver/Src/stm32f4xx_hal_tim_ex.o
 .debug_macro   0x0000000000025321      0x20b ./Drivers/STM32F4xx_HAL_Driver/Src/stm32f4xx_hal_uart.o
 .debug_macro   0x000000000002552c      0x198 ./common/ThirdParty/FreeRTOS/list.o
 .debug_macro   0x00000000000256c4      0x22f ./common/ThirdParty/FreeRTOS/queue.o
 .debug_macro   0x00000000000258f3       0x16 ./common/ThirdParty/FreeRTOS/queue.o
 .debug_macro   0x0000000000025909      0x27e ./common/ThirdParty/FreeRTOS/tasks.o
 .debug_macro   0x0000000000025b87       0x17 ./common/ThirdParty/FreeRTOS/tasks.o
 .debug_macro   0x0000000000025b9e      0x1e7 ./common/ThirdParty/FreeRTOS/timers.o
 .debug_macro   0x0000000000025d85      0x1a7 ./common/ThirdParty/FreeRTOS/portable/GCC/ARM_CM4F/port.o
 .debug_macro   0x0000000000025f2c      0x219 ./common/ThirdParty/FreeRTOS/portable/MemMang/heap_4.o

.debug_line     0x0000000000000000    0x1c816
 .debug_line    0x0000000000000000      0xbd7 ./Core/Src/ADIS16475.o
 .debug_line    0x0000000000000bd7      0xb70 ./Core/Src/comms_tasks.o
 .debug_line    0x0000000000001747      0xafe ./Core/Src/error_monitor_task.o
 .debug_line    0x0000000000002245      0xadb ./Core/Src/it.o
 .debug_line    0x0000000000002d20      0xd22 ./Core/Src/main.o
 .debug_line    0x0000000000003a42      0xb74 ./Core/Src/msp.o
 .debug_line    0x00000000000045b6      0xafb ./Core/Src/sensor_task.o
 .debug_line    0x00000000000050b1      0x83d ./Core/Src/system_stm32f4xx.o
 .debug_line    0x00000000000058ee      0xb05 ./Core/Src/telemetry_packet.o
 .debug_line    0x00000000000063f3      0xb1b ./Core/Src/temp_task.o
 .debug_line    0x0000000000006f0e      0x7d8 ./Core/Src/timebase_tim.o
 .debug_line    0x00000000000076e6       0x7a ./Core/Startup/startup_stm32f407vgtx.o
 .debug_line    0x0000000000007760      0xaa3 ./Drivers/STM32F4xx_HAL_Driver/Src/stm32f4xx_hal.o
 .debug_line    0x0000000000008203     0x130d ./Drivers/STM32F4xx_HAL_Driver/Src/stm32f4xx_hal_adc.o
 .debug_line    0x0000000000009510     0x120f ./Drivers/STM32F4xx_HAL_Driver/Src/stm32f4xx_hal_can.o
 .debug_line    0x000000000000a71f      0xd52 ./Drivers/STM32F4xx_HAL_Driver/Src/stm32f4xx_hal_cortex.o
 .debug_line    0x000000000000b471      0xc17 ./Drivers/STM32F4xx_HAL_Driver/Src/stm32f4xx_hal_gpio.o
 .debug_line    0x000000000000c088      0xe1c ./Drivers/STM32F4xx_HAL_Driver/Src/stm32f4xx_hal_rcc.o
 .debug_line    0x000000000000cea4     0x1d34 ./Drivers/STM32F4xx_HAL_Driver/Src/stm32f4xx_hal_spi.o
 .debug_line    0x000000000000ebd8     0x378f ./Drivers/STM32F4xx_HAL_Driver/Src/stm32f4xx_hal_tim.o
 .debug_line    0x0000000000012367     0x1aa0 ./Drivers/STM32F4xx_HAL_Driver/Src/stm32f4xx_hal_tim_ex.o
 .debug_line    0x0000000000013e07     0x2b45 ./Drivers/STM32F4xx_HAL_Driver/Src/stm32f4xx_hal_uart.o
 .debug_line    0x000000000001694c      0x80d ./common/ThirdParty/FreeRTOS/list.o
 .debug_line    0x0000000000017159     0x1719 ./common/ThirdParty/FreeRTOS/queue.o
 .debug_line    0x0000000000018872     0x1f6d ./common/ThirdParty/FreeRTOS/tasks.o
 .debug_line    0x000000000001a7df      0xd2d ./common/ThirdParty/FreeRTOS/timers.o
 .debug_line    0x000000000001b50c      0x87c ./common/ThirdParty/FreeRTOS/portable/GCC/ARM_CM4F/port.o
 .debug_line    0x000000000001bd88      0xa8e ./common/ThirdParty/FreeRTOS/portable/MemMang/heap_4.o

.debug_str      0x0000000000000000    0xe5540
 .debug_str     0x0000000000000000    0xdd63d ./Core/Src/ADIS16475.o
                                      0xdd943 (size before relaxing)
 .debug_str     0x00000000000dd63d      0x5cc ./Core/Src/comms_tasks.o
                                      0xddcb9 (size before relaxing)
 .debug_str     0x00000000000ddc09       0x59 ./Core/Src/error_monitor_task.o
                                      0xdd4c3 (size before relaxing)
 .debug_str     0x00000000000ddc62      0x2b2 ./Core/Src/it.o
                                      0xdd8c6 (size before relaxing)
 .debug_str     0x00000000000ddf14      0x58a ./Core/Src/main.o
                                      0xde5db (size before relaxing)
 .debug_str     0x00000000000de49e       0x6f ./Core/Src/msp.o
                                      0xddeb5 (size before relaxing)
 .debug_str     0x00000000000de50d       0x86 ./Core/Src/sensor_task.o
                                      0xdd567 (size before relaxing)
 .debug_str     0x00000000000de593       0xdb ./Core/Src/system_stm32f4xx.o
                                      0xd34f9 (size before relaxing)
 .debug_str     0x00000000000de66e       0x1f ./Core/Src/telemetry_packet.o
                                      0xdd3f2 (size before relaxing)
 .debug_str     0x00000000000de68d       0x65 ./Core/Src/temp_task.o
                                      0xdd99f (size before relaxing)
 .debug_str     0x00000000000de6f2      0x56b ./Core/Src/timebase_tim.o
                                      0xd3f01 (size before relaxing)
 .debug_str     0x00000000000dec5d       0x34 ./Core/Startup/startup_stm32f407vgtx.o
                                         0x90 (size before relaxing)
 .debug_str     0x00000000000dec91      0x5e8 ./Drivers/STM32F4xx_HAL_Driver/Src/stm32f4xx_hal.o
                                      0xd407d (size before relaxing)
 .debug_str     0x00000000000df279      0x29c ./Drivers/STM32F4xx_HAL_Driver/Src/stm32f4xx_hal_adc.o
                                      0xd3ae6 (size before relaxing)
 .debug_str     0x00000000000df515      0x520 ./Drivers/STM32F4xx_HAL_Driver/Src/stm32f4xx_hal_can.o
                                      0xd3be5 (size before relaxing)
 .debug_str     0x00000000000dfa35      0x33a ./Drivers/STM32F4xx_HAL_Driver/Src/stm32f4xx_hal_cortex.o
                                      0xd3db0 (size before relaxing)
 .debug_str     0x00000000000dfd6f      0x12c ./Drivers/STM32F4xx_HAL_Driver/Src/stm32f4xx_hal_gpio.o
                                      0xd3674 (size before relaxing)
 .debug_str     0x00000000000dfe9b      0x233 ./Drivers/STM32F4xx_HAL_Driver/Src/stm32f4xx_hal_rcc.o
                                      0xd392d (size before relaxing)
 .debug_str     0x00000000000e00ce      0x557 ./Drivers/STM32F4xx_HAL_Driver/Src/stm32f4xx_hal_spi.o
                                      0xd3dbd (size before relaxing)
 .debug_str     0x00000000000e0625      0xe2a ./Drivers/STM32F4xx_HAL_Driver/Src/stm32f4xx_hal_tim.o
                                      0xd4873 (size before relaxing)
 .debug_str     0x00000000000e144f      0x503 ./Drivers/STM32F4xx_HAL_Driver/Src/stm32f4xx_hal_tim_ex.o
                                      0xd408f (size before relaxing)
 .debug_str     0x00000000000e1952      0x5f4 ./Drivers/STM32F4xx_HAL_Driver/Src/stm32f4xx_hal_uart.o
                                      0xd3ecc (size before relaxing)
 .debug_str     0x00000000000e1f46      0x2a2 ./common/ThirdParty/FreeRTOS/list.o
                                       0xb16f (size before relaxing)
 .debug_str     0x00000000000e21e8      0xc9c ./common/ThirdParty/FreeRTOS/queue.o
                                       0xd86e (size before relaxing)
 .debug_str     0x00000000000e2e84     0x131d ./common/ThirdParty/FreeRTOS/tasks.o
                                       0xe2fa (size before relaxing)
 .debug_str     0x00000000000e41a1      0x578 ./common/ThirdParty/FreeRTOS/timers.o
                                       0xd9ee (size before relaxing)
 .debug_str     0x00000000000e4719      0x813 ./common/ThirdParty/FreeRTOS/portable/GCC/ARM_CM4F/port.o
                                       0x99b6 (size before relaxing)
 .debug_str     0x00000000000e4f2c      0x614 ./common/ThirdParty/FreeRTOS/portable/MemMang/heap_4.o
                                       0xc999 (size before relaxing)

.debug_frame    0x0000000000000000     0x59bc
 .debug_frame   0x0000000000000000       0xd0 ./Core/Src/ADIS16475.o
 .debug_frame   0x00000000000000d0       0x88 ./Core/Src/comms_tasks.o
 .debug_frame   0x0000000000000158       0x30 ./Core/Src/error_monitor_task.o
 .debug_frame   0x0000000000000188       0x2c ./Core/Src/it.o
 .debug_frame   0x00000000000001b4      0x12c ./Core/Src/main.o
 .debug_frame   0x00000000000002e0       0xcc ./Core/Src/msp.o
 .debug_frame   0x00000000000003ac       0x30 ./Core/Src/sensor_task.o
 .debug_frame   0x00000000000003dc       0x58 ./Core/Src/system_stm32f4xx.o
 .debug_frame   0x0000000000000434       0x38 ./Core/Src/telemetry_packet.o
 .debug_frame   0x000000000000046c       0x30 ./Core/Src/temp_task.o
 .debug_frame   0x000000000000049c       0x34 ./Core/Src/timebase_tim.o
 .debug_frame   0x00000000000004d0      0x374 ./Drivers/STM32F4xx_HAL_Driver/Src/stm32f4xx_hal.o
 .debug_frame   0x0000000000000844      0x3fc ./Drivers/STM32F4xx_HAL_Driver/Src/stm32f4xx_hal_adc.o
 .debug_frame   0x0000000000000c40      0x5a0 ./Drivers/STM32F4xx_HAL_Driver/Src/stm32f4xx_hal_can.o
 .debug_frame   0x00000000000011e0      0x498 ./Drivers/STM32F4xx_HAL_Driver/Src/stm32f4xx_hal_cortex.o
 .debug_frame   0x0000000000001678      0x14c ./Drivers/STM32F4xx_HAL_Driver/Src/stm32f4xx_hal_gpio.o
 .debug_frame   0x00000000000017c4      0x1f4 ./Drivers/STM32F4xx_HAL_Driver/Src/stm32f4xx_hal_rcc.o
 .debug_frame   0x00000000000019b8      0x824 ./Drivers/STM32F4xx_HAL_Driver/Src/stm32f4xx_hal_spi.o
 .debug_frame   0x00000000000021dc     0x11c4 ./Drivers/STM32F4xx_HAL_Driver/Src/stm32f4xx_hal_tim.o
 .debug_frame   0x00000000000033a0      0x638 ./Drivers/STM32F4xx_HAL_Driver/Src/stm32f4xx_hal_tim_ex.o
 .debug_frame   0x00000000000039d8      0x92c ./Drivers/STM32F4xx_HAL_Driver/Src/stm32f4xx_hal_uart.o
 .debug_frame   0x0000000000004304       0xd8 ./common/ThirdParty/FreeRTOS/list.o
 .debug_frame   0x00000000000043dc      0x530 ./common/ThirdParty/FreeRTOS/queue.o
 .debug_frame   0x000000000000490c      0x91c ./common/ThirdParty/FreeRTOS/tasks.o
 .debug_frame   0x0000000000005228      0x3c8 ./common/ThirdParty/FreeRTOS/timers.o
 .debug_frame   0x00000000000055f0      0x1a8 ./common/ThirdParty/FreeRTOS/portable/GCC/ARM_CM4F/port.o
 .debug_frame   0x0000000000005798      0x150 ./common/ThirdParty/FreeRTOS/portable/MemMang/heap_4.o
 .debug_frame   0x00000000000058e8       0x20 C:/ST/STM32CubeIDE_1.12.1/STM32CubeIDE/plugins/com.st.stm32cube.ide.mcu.externaltools.gnu-tools-for-stm32.11.3.rel1.win32_1.1.0.202305231506/tools/bin/../lib/gcc/arm-none-eabi/11.3.1/../../../../arm-none-eabi/lib/thumb/v7e-m+fp/hard\libc_nano.a(libc_a-memset.o)
 .debug_frame   0x0000000000005908       0x2c C:/ST/STM32CubeIDE_1.12.1/STM32CubeIDE/plugins/com.st.stm32cube.ide.mcu.externaltools.gnu-tools-for-stm32.11.3.rel1.win32_1.1.0.202305231506/tools/bin/../lib/gcc/arm-none-eabi/11.3.1/../../../../arm-none-eabi/lib/thumb/v7e-m+fp/hard\libc_nano.a(libc_a-init.o)